   Compiling libc v0.2.186
    Checking cfg-if v1.0.4
    Checking zerocopy v0.8.50
    Checking getrandom v0.3.4
    Checking rand_core v0.9.5
    Checking ppv-lite86 v0.2.21
    Checking typenum v1.20.1
    Checking rand_chacha v0.9.0
    Checking crossbeam-utils v0.8.21
    Checking memchr v2.8.2
    Checking hybrid-array v0.4.12
    Checking crossbeam-epoch v0.9.20
    Checking thiserror v2.0.18
    Checking rand v0.9.4
    Checking oxilangtag v0.1.6
    Checking oxiri v0.2.11
    Checking crossbeam-deque v0.8.6
    Checking oxrdf v0.3.3
    Checking crypto-common v0.2.2
    Checking block-buffer v0.12.1
    Checking const-oid v0.10.2
    Checking rayon-core v1.13.0
    Checking digest v0.11.3
    Checking foldhash v0.2.0
    Checking either v1.16.0
    Checking allocator-api2 v0.2.21
    Checking equivalent v1.0.2
    Checking rayon v1.12.0
    Checking hashbrown v0.17.1
    Checking oxttl v0.2.3
    Checking aho-corasick v1.1.4
    Checking cpufeatures v0.3.0
    Checking regex-syntax v0.8.11
    Checking rustc-hash v2.1.3
    Checking peg-runtime v0.8.6
    Checking peg v0.8.6
    Checking sparq-core v0.1.1 (/private/tmp/sparq-pr6049/.throughput-monitor/worktrees/issue3105/crates/sparq-core)
    Checking regex-automata v0.4.14
    Checking getrandom v0.4.2
    Checking smallvec v1.15.2
    Checking sparq-substrate v0.1.1 (/private/tmp/sparq-pr6049/.throughput-monitor/worktrees/issue3105/crates/sparq-substrate)
    Checking uuid v1.23.4
    Checking spargebra v0.4.6 (/private/tmp/sparq-pr6049/.throughput-monitor/worktrees/issue3105/vendor/spargebra)
    Checking regex v1.12.4
    Checking sha1 v0.11.0
    Checking sha2 v0.11.0
    Checking md-5 v0.11.0
    Checking sparq-engine v0.1.1 (/private/tmp/sparq-pr6049/.throughput-monitor/worktrees/issue3105/crates/sparq-engine)
    Finished `dev` profile [unoptimized + debuginfo] target(s) in 10.52s
