   Compiling sparq-engine v0.1.1 (/private/tmp/sparq-pr6049/.throughput-monitor/worktrees/issue3105/crates/sparq-engine)
    Finished `test` profile [unoptimized + debuginfo] target(s) in 7.51s
     Running unittests src/lib.rs (/private/tmp/sparq-pr6049/.throughput-monitor/direct-5983/implementation/target/debug/deps/sparq_engine-a23c250f81b1b746)

running 7 tests
test exec::capped_rhs_tests::capped_rhs_changing_sort_mixed_kernels_preserves_full_bag ... changing-sort actual steps: [Step { start: 0, pattern: 1, kernel: "bind", requested: None, scanned: false, actual: None }, Step { start: 0, pattern: 2, kernel: "hash", requested: None, scanned: true, actual: Some("s") }, Step { start: 1024, pattern: 1, kernel: "merge", requested: Some(0), scanned: true, actual: Some("s") }, Step { start: 1024, pattern: 2, kernel: "merge", requested: Some(0), scanned: true, actual: Some("s") }, Step { start: 65536, pattern: 1, kernel: "bind", requested: None, scanned: false, actual: None }, Step { start: 65536, pattern: 2, kernel: "hash", requested: None, scanned: true, actual: Some("s") }]
ok
test exec::capped_rhs_tests::capped_rhs_disconnected_cross_preserves_multiplicity ... disconnected actual steps: [Step { start: 0, pattern: 1, kernel: "cross", requested: None, scanned: true, actual: Some("t") }]
ok
test exec::capped_rhs_tests::capped_rhs_keeps_rows_and_actual_order_until_request_changes ... ok
test exec::capped_rhs_tests::capped_rhs_named_view_overlay_and_residual_exists ... named EXISTS fallback: [], []; eligible base/overlay: [Step { start: 0, pattern: 1, kernel: "merge", requested: Some(0), scanned: true, actual: Some("s") }], [Step { start: 0, pattern: 0, kernel: "merge", requested: Some(0), scanned: true, actual: Some("s") }]
ok
test exec::capped_rhs_tests::capped_rhs_public_bags_repeated_variables_and_first_block_hit ... ok
test exec::capped_rhs_tests::capped_rhs_replacement_releases_old_slot_before_scan ... 
thread 'exec::capped_rhs_tests::capped_rhs_replacement_releases_old_slot_before_scan' (3638873) panicked at crates/sparq-engine/src/exec.rs:21401:47:
replacement scan sentinel
note: run with `RUST_BACKTRACE=1` environment variable to display a backtrace
ok
test exec::capped_rhs_tests::capped_rhs_three_block_miss ... ASK and LIMIT miss: entries/blocks/RHS scans/bind calls = [1, 3, 1, 0], [1, 3, 1, 0]
ok

test result: ok. 7 passed; 0 failed; 0 ignored; 0 measured; 318 filtered out; finished in 3.50s

