   Compiling sparq-engine v0.1.1 (/private/tmp/sparq-pr6049/.throughput-monitor/worktrees/issue3105/crates/sparq-engine)
warning: unused variable: `cached_sort`
    --> crates/sparq-engine/src/exec.rs:4326:23
     |
4326 |         .is_none_or(|(cached_sort, _)| false)
     |                       ^^^^^^^^^^^ help: if this is intentional, prefix it with an underscore: `_cached_sort`
     |
     = note: `#[warn(unused_variables)]` (part of `#[warn(unused)]`) on by default

warning: `sparq-engine` (lib test) generated 1 warning (run `cargo fix --lib -p sparq-engine --tests` to apply 1 suggestion)
    Finished `test` profile [unoptimized + debuginfo] target(s) in 5.47s
     Running unittests src/lib.rs (/private/tmp/sparq-pr6049/.throughput-monitor/direct-5983/implementation/target/debug/deps/sparq_engine-a23c250f81b1b746)

running 3 tests
test exec::capped_rhs_tests::capped_rhs_keeps_rows_and_actual_order_until_request_changes ... 
thread 'exec::capped_rhs_tests::capped_rhs_keeps_rows_and_actual_order_until_request_changes' (3550700) panicked at crates/sparq-engine/src/exec.rs:21375:9:
assertion `left == right` failed
  left: [[1], [1]]
 right: [[2]]
note: run with `RUST_BACKTRACE=1` environment variable to display a backtrace
FAILED
test exec::capped_rhs_tests::capped_rhs_public_bags_repeated_variables_and_first_block_hit ... ok
test exec::capped_rhs_tests::capped_rhs_three_block_miss ... ASK and LIMIT miss: entries/blocks/RHS scans/bind calls = [1, 3, 1, 0], [1, 3, 1, 0]
ok

failures:

failures:
    exec::capped_rhs_tests::capped_rhs_keeps_rows_and_actual_order_until_request_changes

test result: FAILED. 2 passed; 1 failed; 0 ignored; 0 measured; 318 filtered out; finished in 1.11s

error: test failed, to rerun pass `-p sparq-engine --lib`
