   Compiling sparq-core v0.1.1 (/private/tmp/sparq-pr6049/.throughput-monitor/worktrees/issue3105/crates/sparq-core)
   Compiling sparq-introspect v0.1.1 (/private/tmp/sparq-pr6049/.throughput-monitor/worktrees/issue3105/crates/sparq-introspect)
   Compiling sparq-substrate v0.1.1 (/private/tmp/sparq-pr6049/.throughput-monitor/worktrees/issue3105/crates/sparq-substrate)
   Compiling sparq-engine v0.1.1 (/private/tmp/sparq-pr6049/.throughput-monitor/worktrees/issue3105/crates/sparq-engine)
    Finished `test` profile [unoptimized + debuginfo] target(s) in 13.35s
     Running unittests src/lib.rs (/private/tmp/sparq-pr6049/.throughput-monitor/direct-5983/implementation/target/debug/deps/sparq_engine-8c5cead58cdf2c43)

running 6 tests
test exec::capped_rhs_tests::capped_rhs_changing_sort_mixed_kernels_preserves_full_bag ... changing-sort actual steps: [Step { start: 0, pattern: 1, kernel: "bind", requested: None, scanned: false, actual: None }, Step { start: 0, pattern: 2, kernel: "hash", requested: None, scanned: true, actual: Some("x") }, Step { start: 1024, pattern: 1, kernel: "hash", requested: None, scanned: true, actual: Some("x") }, Step { start: 1024, pattern: 2, kernel: "hash", requested: None, scanned: false, actual: Some("x") }, Step { start: 65536, pattern: 1, kernel: "bind", requested: None, scanned: false, actual: None }, Step { start: 65536, pattern: 2, kernel: "hash", requested: None, scanned: false, actual: Some("x") }]

thread 'exec::capped_rhs_tests::capped_rhs_changing_sort_mixed_kernels_preserves_full_bag' (3629749) panicked at crates/sparq-engine/src/exec.rs:21334:9:
assertion `left == right` failed
  left: [(0, "bind"), (1024, "hash"), (65536, "bind")]
 right: [(0, "bind"), (1024, "merge"), (65536, "bind")]
note: run with `RUST_BACKTRACE=1` environment variable to display a backtrace
FAILED
test exec::capped_rhs_tests::capped_rhs_disconnected_cross_preserves_multiplicity ... disconnected actual steps: [Step { start: 0, pattern: 1, kernel: "cross", requested: None, scanned: true, actual: Some("x") }]
ok
test exec::capped_rhs_tests::capped_rhs_keeps_rows_and_actual_order_until_request_changes ... ok
test exec::capped_rhs_tests::capped_rhs_named_view_overlay_and_residual_exists ... named EXISTS fallback: [], []; eligible base/overlay: [Step { start: 0, pattern: 1, kernel: "merge", requested: Some(2), scanned: true, actual: Some("o") }], [Step { start: 0, pattern: 0, kernel: "merge", requested: Some(2), scanned: true, actual: Some("o") }]
ok
test exec::capped_rhs_tests::capped_rhs_public_bags_repeated_variables_and_first_block_hit ... ok
test exec::capped_rhs_tests::capped_rhs_three_block_miss ... ASK and LIMIT miss: entries/blocks/RHS scans/bind calls = [1, 3, 1, 0], [1, 3, 1, 0]
ok

failures:

failures:
    exec::capped_rhs_tests::capped_rhs_changing_sort_mixed_kernels_preserves_full_bag

test result: FAILED. 5 passed; 1 failed; 0 ignored; 0 measured; 318 filtered out; finished in 4.24s

error: test failed, to rerun pass `-p sparq-engine --lib`
