   Compiling libc v0.2.186
   Compiling cfg-if v1.0.4
   Compiling proc-macro2 v1.0.106
   Compiling unicode-ident v1.0.24
   Compiling quote v1.0.45
   Compiling zerocopy v0.8.50
   Compiling getrandom v0.3.4
   Compiling crossbeam-utils v0.8.21
   Compiling rand_core v0.9.5
   Compiling ppv-lite86 v0.2.21
   Compiling syn v2.0.117
   Compiling thiserror v2.0.18
   Compiling typenum v1.20.1
   Compiling crossbeam-epoch v0.9.20
   Compiling hybrid-array v0.4.12
   Compiling thiserror-impl v2.0.18
   Compiling rand_chacha v0.9.0
   Compiling memchr v2.8.2
   Compiling rand v0.9.4
   Compiling oxiri v0.2.11
   Compiling rayon-core v1.13.0
   Compiling oxilangtag v0.1.6
   Compiling oxrdf v0.3.3
   Compiling crossbeam-deque v0.8.6
   Compiling crypto-common v0.2.2
   Compiling block-buffer v0.12.1
   Compiling const-oid v0.10.2
   Compiling digest v0.11.3
   Compiling foldhash v0.2.0
   Compiling allocator-api2 v0.2.21
   Compiling peg-runtime v0.8.6
   Compiling getrandom v0.4.2
   Compiling either v1.16.0
   Compiling equivalent v1.0.2
   Compiling hashbrown v0.17.1
   Compiling rayon v1.12.0
   Compiling peg-macros v0.8.6
   Compiling oxttl v0.2.3
   Compiling aho-corasick v1.1.4
   Compiling cpufeatures v0.3.0
   Compiling regex-syntax v0.8.11
   Compiling rustc-hash v2.1.3
   Compiling regex-automata v0.4.14
   Compiling peg v0.8.6
   Compiling sparq-core v0.1.1 (/private/tmp/sparq-pr6049/.throughput-monitor/worktrees/issue6475/crates/sparq-core)
   Compiling smallvec v1.15.2
   Compiling sparq-substrate v0.1.1 (/private/tmp/sparq-pr6049/.throughput-monitor/worktrees/issue6475/crates/sparq-substrate)
   Compiling uuid v1.23.4
   Compiling spargebra v0.4.6 (/private/tmp/sparq-pr6049/.throughput-monitor/worktrees/issue6475/vendor/spargebra)
   Compiling regex v1.12.4
   Compiling sha2 v0.11.0
   Compiling sha1 v0.11.0
   Compiling md-5 v0.11.0
   Compiling sparq-engine v0.1.1 (/private/tmp/sparq-pr6049/.throughput-monitor/worktrees/issue6475/crates/sparq-engine)
   Compiling capped-rhs-diagnostic v0.0.0 (/private/tmp/sparq-pr6049/.throughput-monitor/direct-3105/performance/baseline)
    Finished `release` profile [optimized] target(s) in 1m 16s
