warning: failed to save last-use data
This may prevent cargo from accurately tracking what is being used in its global cache. This information is used for automatically removing unused data in the cache.

attempt to write a readonly database

Caused by:
  Error code 8: attempt to write a readonly database
       Fresh cfg-if v1.0.4
       Fresh libc v0.2.186
       Fresh unicode-ident v1.0.24
       Fresh proc-macro2 v1.0.106
       Fresh quote v1.0.45
       Fresh getrandom v0.3.4
       Fresh zerocopy v0.8.50
       Fresh ppv-lite86 v0.2.21
       Fresh rand_core v0.9.5
       Fresh syn v2.0.117
       Fresh typenum v1.20.1
       Fresh hybrid-array v0.4.12
       Fresh thiserror-impl v2.0.18
       Fresh rand_chacha v0.9.0
       Fresh crossbeam-utils v0.8.21
       Fresh memchr v2.8.2
       Fresh crossbeam-epoch v0.9.20
       Fresh rand v0.9.4
       Fresh thiserror v2.0.18
       Fresh oxiri v0.2.11
       Fresh oxilangtag v0.1.6
       Fresh oxrdf v0.3.3
       Fresh crossbeam-deque v0.8.6
       Fresh block-buffer v0.12.1
       Fresh crypto-common v0.2.2
       Fresh const-oid v0.10.2
       Fresh rayon-core v1.13.0
       Fresh digest v0.11.3
       Fresh equivalent v1.0.2
       Fresh allocator-api2 v0.2.21
       Fresh either v1.16.0
       Fresh foldhash v0.2.0
       Fresh rayon v1.12.0
       Fresh hashbrown v0.17.1
       Fresh peg-macros v0.8.6
       Fresh oxttl v0.2.3
       Fresh aho-corasick v1.1.4
       Fresh cpufeatures v0.3.0
       Fresh peg-runtime v0.8.6
       Fresh rustc-hash v2.1.3
       Fresh regex-syntax v0.8.11
       Fresh peg v0.8.6
       Fresh regex-automata v0.4.14
       Fresh sparq-core v0.1.1 (/private/tmp/sparq-pr6049/.throughput-monitor/worktrees/issue6475/crates/sparq-core)
       Fresh getrandom v0.4.2
       Fresh smallvec v1.15.2
       Fresh uuid v1.23.4
       Fresh sparq-substrate v0.1.1 (/private/tmp/sparq-pr6049/.throughput-monitor/worktrees/issue6475/crates/sparq-substrate)
       Fresh regex v1.12.4
       Fresh spargebra v0.4.6 (/private/tmp/sparq-pr6049/.throughput-monitor/worktrees/issue6475/vendor/spargebra)
       Fresh sha1 v0.11.0
       Fresh sha2 v0.11.0
       Fresh md-5 v0.11.0
       Fresh sparq-engine v0.1.1 (/private/tmp/sparq-pr6049/.throughput-monitor/worktrees/issue6475/crates/sparq-engine)
   Compiling capped-rhs-many-timing v0.0.0 (/private/tmp/sparq-pr6049/.throughput-monitor/direct-3105/bounded-many-timing/baseline)
     Running `CARGO=/Users/jesght/.rustup/toolchains/1.97.1-aarch64-apple-darwin/bin/cargo CARGO_BIN_NAME=capped-rhs-many-timing CARGO_CRATE_NAME=capped_rhs_many_timing CARGO_MANIFEST_DIR=/private/tmp/sparq-pr6049/.throughput-monitor/direct-3105/bounded-many-timing/baseline CARGO_MANIFEST_PATH=/private/tmp/sparq-pr6049/.throughput-monitor/direct-3105/bounded-many-timing/baseline/Cargo.toml CARGO_PKG_AUTHORS='' CARGO_PKG_DESCRIPTION='' CARGO_PKG_HOMEPAGE='' CARGO_PKG_LICENSE='' CARGO_PKG_LICENSE_FILE='' CARGO_PKG_NAME=capped-rhs-many-timing CARGO_PKG_README='' CARGO_PKG_REPOSITORY='' CARGO_PKG_RUST_VERSION='' CARGO_PKG_VERSION=0.0.0 CARGO_PKG_VERSION_MAJOR=0 CARGO_PKG_VERSION_MINOR=0 CARGO_PKG_VERSION_PATCH=0 CARGO_PKG_VERSION_PRE='' CARGO_PRIMARY_PACKAGE=1 DYLD_FALLBACK_LIBRARY_PATH='/private/tmp/sparq-pr6049/.throughput-monitor/direct-5983/implementation/target/release/deps:/Users/jesght/.rustup/toolchains/1.97.1-aarch64-apple-darwin/lib:/Users/jesght/lib:/usr/local/lib:/usr/lib' /Users/jesght/.rustup/toolchains/1.97.1-aarch64-apple-darwin/bin/rustc --crate-name capped_rhs_many_timing --edition=2021 src/main.rs --error-format=json --json=diagnostic-rendered-ansi,artifacts,future-incompat --crate-type bin --emit=dep-info,link -C opt-level=3 -C embed-bitcode=no -C codegen-units=16 --check-cfg 'cfg(docsrs,test)' --check-cfg 'cfg(feature, values("count-alloc"))' -C metadata=50423f5e182fea71 -C extra-filename=-406b294ae65ddf0b --out-dir /private/tmp/sparq-pr6049/.throughput-monitor/direct-5983/implementation/target/release/deps -C strip=debuginfo -L dependency=/private/tmp/sparq-pr6049/.throughput-monitor/direct-5983/implementation/target/release/deps --extern libc=/private/tmp/sparq-pr6049/.throughput-monitor/direct-5983/implementation/target/release/deps/liblibc-d3a9ab32a070ca78.rlib --extern oxrdf=/private/tmp/sparq-pr6049/.throughput-monitor/direct-5983/implementation/target/release/deps/liboxrdf-4ecd756ddd7ab1ec.rlib --extern rayon=/private/tmp/sparq-pr6049/.throughput-monitor/direct-5983/implementation/target/release/deps/librayon-fb353b242d14de3d.rlib --extern sparq_core=/private/tmp/sparq-pr6049/.throughput-monitor/direct-5983/implementation/target/release/deps/libsparq_core-d7334b5f41a84d59.rlib --extern sparq_engine=/private/tmp/sparq-pr6049/.throughput-monitor/direct-5983/implementation/target/release/deps/libsparq_engine-df68943e9feef6e1.rlib`
    Finished `release` profile [optimized] target(s) in 3.59s
