   Compiling sparq-core v0.1.1 (/private/tmp/sparq-pr6049/.throughput-monitor/worktrees/issue4246/crates/sparq-core)
    Finished `test` profile [unoptimized] target(s) in 2.54s
     Running unittests src/lib.rs (/private/tmp/sparq-pr6049/.throughput-monitor/direct-5983/implementation/target/debug/deps/sparq_core-53b43ac9cb50e22c)

running 7 tests
test store::overlay_deleted_tests::deleted_cache_compressed_base_matches_rebuild ... ok
test store::overlay_deleted_tests::deleted_cache_concurrent_first_reads_share_initialized_projection ... ok
test store::overlay_deleted_tests::deleted_cache_fork_and_clone_are_independent ... FAILED
test store::overlay_deleted_tests::deleted_cache_graph_snapshot_retains_warm_generation ... FAILED
test store::overlay_deleted_tests::deleted_cache_inclusive_bounds_and_empty_ranges ... FAILED
test store::overlay_deleted_tests::deleted_cache_is_lazy_reused_and_accounted ... ok
test store::overlay_deleted_tests::deleted_cache_matches_rebuild_after_mixed_deltas ... ok

failures:

---- store::overlay_deleted_tests::deleted_cache_fork_and_clone_are_independent stdout ----

thread 'store::overlay_deleted_tests::deleted_cache_fork_and_clone_are_independent' (2018723) panicked at crates/sparq-core/src/store/overlay_deleted_tests.rs:171:13:
assertion `left == right` failed
  left: 1
 right: 0
note: run with `RUST_BACKTRACE=1` environment variable to display a backtrace

---- store::overlay_deleted_tests::deleted_cache_graph_snapshot_retains_warm_generation stdout ----

thread 'store::overlay_deleted_tests::deleted_cache_graph_snapshot_retains_warm_generation' (2018724) panicked at crates/sparq-core/src/store/overlay_deleted_tests.rs:261:9:
assertion `left == right` failed
  left: 1
 right: 0

---- store::overlay_deleted_tests::deleted_cache_inclusive_bounds_and_empty_ranges stdout ----

thread 'store::overlay_deleted_tests::deleted_cache_inclusive_bounds_and_empty_ranges' (2018725) panicked at crates/sparq-core/src/store/overlay_deleted_tests.rs:117:13:
assertion `left == right` failed
  left: 0
 right: 1


failures:
    store::overlay_deleted_tests::deleted_cache_fork_and_clone_are_independent
    store::overlay_deleted_tests::deleted_cache_graph_snapshot_retains_warm_generation
    store::overlay_deleted_tests::deleted_cache_inclusive_bounds_and_empty_ranges

test result: FAILED. 4 passed; 3 failed; 0 ignored; 0 measured; 146 filtered out; finished in 0.04s

error: test failed, to rerun pass `-p sparq-core --lib`
