   Compiling sparq-core v0.1.1 (/private/tmp/sparq-pr6049/.throughput-monitor/worktrees/issue4246/crates/sparq-core)
    Finished `test` profile [unoptimized] target(s) in 3.54s
     Running unittests src/lib.rs (/private/tmp/sparq-pr6049/.throughput-monitor/direct-5983/implementation/target/debug/deps/sparq_core-53b43ac9cb50e22c)

running 7 tests
test store::overlay_deleted_tests::deleted_cache_compressed_base_matches_rebuild ... ok
test store::overlay_deleted_tests::deleted_cache_concurrent_first_reads_share_initialized_projection ... FAILED
test store::overlay_deleted_tests::deleted_cache_fork_and_clone_are_independent ... FAILED
test store::overlay_deleted_tests::deleted_cache_graph_snapshot_retains_warm_generation ... ok
test store::overlay_deleted_tests::deleted_cache_inclusive_bounds_and_empty_ranges ... ok
test store::overlay_deleted_tests::deleted_cache_is_lazy_reused_and_accounted ... FAILED
test store::overlay_deleted_tests::deleted_cache_matches_rebuild_after_mixed_deltas ... ok

failures:

---- store::overlay_deleted_tests::deleted_cache_concurrent_first_reads_share_initialized_projection stdout ----

thread '<unnamed>' (2017769) panicked at crates/sparq-core/src/store/overlay_deleted_tests.rs:224:34:
called `Option::unwrap()` on a `None` value
note: run with `RUST_BACKTRACE=1` environment variable to display a backtrace

thread '<unnamed>' (2017768) panicked at crates/sparq-core/src/store/overlay_deleted_tests.rs:224:34:
called `Option::unwrap()` on a `None` value

thread 'store::overlay_deleted_tests::deleted_cache_concurrent_first_reads_share_initialized_projection' (2017767) panicked at crates/sparq-core/src/store/overlay_deleted_tests.rs:231:64:
called `Result::unwrap()` on an `Err` value: Any { .. }

---- store::overlay_deleted_tests::deleted_cache_fork_and_clone_are_independent stdout ----

thread 'store::overlay_deleted_tests::deleted_cache_fork_and_clone_are_independent' (2017770) panicked at crates/sparq-core/src/store/overlay_deleted_tests.rs:159:14:
called `Option::unwrap()` on a `None` value

---- store::overlay_deleted_tests::deleted_cache_is_lazy_reused_and_accounted stdout ----

thread 'store::overlay_deleted_tests::deleted_cache_is_lazy_reused_and_accounted' (2017773) panicked at crates/sparq-core/src/store/overlay_deleted_tests.rs:59:14:
scan uses cached deletion count


failures:
    store::overlay_deleted_tests::deleted_cache_concurrent_first_reads_share_initialized_projection
    store::overlay_deleted_tests::deleted_cache_fork_and_clone_are_independent
    store::overlay_deleted_tests::deleted_cache_is_lazy_reused_and_accounted

test result: FAILED. 4 passed; 3 failed; 0 ignored; 0 measured; 146 filtered out; finished in 0.05s

error: test failed, to rerun pass `-p sparq-core --lib`
