   Compiling proc-macro2 v1.0.106
   Compiling unicode-ident v1.0.24
   Compiling quote v1.0.45
   Compiling wasm-bindgen-shared v0.2.122
   Compiling rustversion v1.0.22
   Compiling syn v2.0.117
   Compiling bumpalo v3.20.3
   Compiling wasm-bindgen-macro-support v0.2.122
   Compiling wasm-bindgen v0.2.122
   Compiling wasm-bindgen-macro v0.2.122
   Compiling cfg-if v1.0.4
   Compiling getrandom v0.3.4
   Compiling once_cell v1.21.4
   Compiling zerocopy v0.8.50
   Compiling rand_core v0.9.5
   Compiling thiserror v2.0.18
   Compiling ppv-lite86 v0.2.21
   Compiling thiserror-impl v2.0.18
   Compiling rand_chacha v0.9.0
   Compiling rand v0.9.4
   Compiling oxilangtag v0.1.6
   Compiling oxiri v0.2.11
   Compiling oxrdf v0.3.3
   Compiling peg-runtime v0.8.6
   Compiling memchr v2.8.2
   Compiling foldhash v0.2.0
   Compiling allocator-api2 v0.2.21
   Compiling equivalent v1.0.2
   Compiling hashbrown v0.17.1
   Compiling oxttl v0.2.3
   Compiling peg-macros v0.8.6
   Compiling rustc-hash v2.1.3
   Compiling sparq-core v0.1.1 (/private/tmp/sparq-pr6049/.throughput-monitor/direct-4246/proof-trees-6334/featoff-trees-sx2mrvfi/base/crates/sparq-core)
   Compiling peg v0.8.6
   Compiling smallvec v1.15.2
   Compiling sparq-substrate v0.1.1 (/private/tmp/sparq-pr6049/.throughput-monitor/direct-4246/proof-trees-6334/featoff-trees-sx2mrvfi/base/crates/sparq-substrate)
   Compiling spargebra v0.4.6 (/private/tmp/sparq-pr6049/.throughput-monitor/direct-4246/proof-trees-6334/featoff-trees-sx2mrvfi/base/vendor/spargebra)
   Compiling sparq-engine v0.1.1 (/private/tmp/sparq-pr6049/.throughput-monitor/direct-4246/proof-trees-6334/featoff-trees-sx2mrvfi/base/crates/sparq-engine)
   Compiling sparq-wasm v0.1.1 (/private/tmp/sparq-pr6049/.throughput-monitor/direct-4246/proof-trees-6334/featoff-trees-sx2mrvfi/base/crates/sparq-wasm)
    Finished `release-wasm` profile [optimized] target(s) in 1m 24s
