   Compiling sparq-core v0.1.1 (/private/tmp/sparq-pr6049/.throughput-monitor/worktrees/issue4246/crates/sparq-core)
    Finished `test` profile [unoptimized] target(s) in 7.90s
     Running unittests src/lib.rs (/private/tmp/sparq-pr6049/.throughput-monitor/direct-5983/implementation/target/debug/deps/sparq_core-5d77b6001c8fb29f)

running 9 tests
test store::overlay_deleted_tests::deleted_cache_actual_tombstone_changes_invalidate_before_publication ... ok
test store::overlay_deleted_tests::deleted_cache_compressed_base_matches_rebuild ... ok
test store::overlay_deleted_tests::deleted_cache_concurrent_first_reads_share_initialized_projection ... ok
test store::overlay_deleted_tests::deleted_cache_fork_and_clone_are_independent ... ok
test store::overlay_deleted_tests::deleted_cache_graph_snapshot_retains_warm_generation ... ok
test store::overlay_deleted_tests::deleted_cache_inclusive_bounds_and_empty_ranges ... ok
test store::overlay_deleted_tests::deleted_cache_is_lazy_reused_and_accounted ... ok
test store::overlay_deleted_tests::deleted_cache_matches_rebuild_after_mixed_deltas ... ok
test store::overlay_deleted_tests::deleted_cache_survives_insert_only_and_noop_deltas ... FAILED

failures:

---- store::overlay_deleted_tests::deleted_cache_survives_insert_only_and_noop_deltas stdout ----

thread 'store::overlay_deleted_tests::deleted_cache_survives_insert_only_and_noop_deltas' (2453763) panicked at crates/sparq-core/src/store/overlay_deleted_tests.rs:139:22:
unchanged tombstones retain their projection
note: run with `RUST_BACKTRACE=1` environment variable to display a backtrace


failures:
    store::overlay_deleted_tests::deleted_cache_survives_insert_only_and_noop_deltas

test result: FAILED. 8 passed; 1 failed; 0 ignored; 0 measured; 146 filtered out; finished in 0.09s

error: test failed, to rerun pass `-p sparq-core --lib`
