   Compiling libc v0.2.186
   Compiling proc-macro2 v1.0.106
   Compiling quote v1.0.45
   Compiling unicode-ident v1.0.24
   Compiling version_check v0.9.5
   Compiling generic-array v0.14.7
   Compiling cfg-if v1.0.4
   Compiling zerocopy v0.8.50
   Compiling syn v2.0.117
   Compiling typenum v1.20.1
   Compiling getrandom v0.2.17
   Compiling rand_core v0.6.4
   Compiling ppv-lite86 v0.2.21
   Compiling thiserror v2.0.18
   Compiling rand_chacha v0.3.1
   Compiling thiserror-impl v2.0.18
   Compiling block-buffer v0.10.4
   Compiling crypto-common v0.1.7
   Compiling once_cell v1.21.4
   Compiling tracing-core v0.1.36
   Compiling digest v0.10.7
   Compiling rand v0.8.6
   Compiling tracing-attributes v0.1.31
   Compiling cpufeatures v0.2.17
   Compiling either v1.16.0
   Compiling oxilangtag v0.1.6
   Compiling pin-project-lite v0.2.17
   Compiling oxiri v0.2.11
   Compiling tracing v0.1.44
   Compiling oxrdf v0.2.4
   Compiling itertools v0.14.0
   Compiling sha2 v0.10.9
   Compiling base16ct v0.2.0
   Compiling rdf-canon v0.15.3 (/private/tmp/sparq-pr6049/.throughput-monitor/direct-6475/trace/upstream-traced)
   Compiling canon-relabel-replay v0.0.0 (/private/tmp/sparq-pr6049/.throughput-monitor/direct-6475/trace/harness)
    Finished `dev` profile [unoptimized] target(s) in 14.92s
