LOADED	15993
RESULT	count	q01_bgp	count_result	1	1	1
RESULT	count	q02_star3	count_result	1	1	1
RESULT	count	q03_chain	count_result	16	16	16
RESULT	count	q04_triangle	count_result	1	1	1
RESULT	count	q05_union	count_result	2	2	2
RESULT	count	q06_optional	count_result	2	2	2
RESULT	count	q07_optional_notbound	count_result	10	10	10
RESULT	count	q08_minus	count_result	3	3	3
RESULT	count	q09_filter_numeric	count_result	75	75	75
RESULT	count	q10_filter_string	count_result	2	2	2
RESULT	count	q11_filter_in	count_result	3	3	3
RESULT	count	q12_filter_exists	count_result	3	3	3
RESULT	count	q13_bind	count_result	1	1	1
RESULT	count	q14_values	count_result	3	3	3
RESULT	count	q15_agg_group_having	count_result	3	3	3
RESULT	count	q16_distinct	count_result	4	4	4
RESULT	count	q17_orderby_limit_offset	count_result	5	5	5
RESULT	count	q18_path_plus	count_result	1	1	1
RESULT	count	q19_path_star	count_result	1	1	1
RESULT	count	q20_path_opt	count_result	5	5	5
RESULT	count	q21_path_seq	count_result	4	4	4
RESULT	count	q22_path_alt	count_result	2	2	2
RESULT	count	q23_path_inverse	count_result	1	1	1
RESULT	count	q24_path_negated_pset	count_result	4	4	4
RESULT	count	q25_subquery	count_result	3	3	3
RESULT	count	q26_ask	count_result	1	1	1
RESULT	count	q27_construct	triples	4	4	4
RESULT	count	q28_describe	triples	16	16	16
COMPLETED	count	28
