warning: failed to save last-use data
This may prevent cargo from accurately tracking what is being used in its global cache. This information is used for automatically removing unused data in the cache.

attempt to write a readonly database

Caused by:
  Error code 8: attempt to write a readonly database
       Fresh libc v0.2.186
       Fresh cfg-if v1.0.4
       Fresh unicode-ident v1.0.24
       Fresh proc-macro2 v1.0.106
       Fresh quote v1.0.45
       Fresh zerocopy v0.8.50
       Fresh getrandom v0.3.4
       Fresh rand_core v0.9.5
       Fresh ppv-lite86 v0.2.21
       Fresh syn v2.0.117
       Fresh typenum v1.20.1
       Fresh hybrid-array v0.4.12
       Fresh thiserror-impl v2.0.18
       Fresh rand_chacha v0.9.0
       Fresh crossbeam-utils v0.8.21
       Fresh memchr v2.8.2
       Fresh crossbeam-epoch v0.9.20
       Fresh rand v0.9.4
       Fresh thiserror v2.0.18
       Fresh oxilangtag v0.1.6
       Fresh oxiri v0.2.11
       Fresh oxrdf v0.3.3
       Fresh crossbeam-deque v0.8.6
       Fresh block-buffer v0.12.1
       Fresh crypto-common v0.2.2
       Fresh const-oid v0.10.2
       Fresh digest v0.11.3
       Fresh rayon-core v1.13.0
       Fresh equivalent v1.0.2
       Fresh allocator-api2 v0.2.21
       Fresh either v1.16.0
       Fresh foldhash v0.2.0
       Fresh hashbrown v0.17.1
       Fresh rayon v1.12.0
       Fresh peg-macros v0.8.6
       Fresh oxttl v0.2.3
       Fresh aho-corasick v1.1.4
       Fresh cpufeatures v0.3.0
       Fresh peg-runtime v0.8.6
       Fresh regex-syntax v0.8.11
       Fresh rustc-hash v2.1.3
       Fresh sparq-core v0.1.1 (/private/tmp/sparq-pr6049/.throughput-monitor/worktrees/issue6476/crates/sparq-core)
       Fresh regex-automata v0.4.14
       Fresh peg v0.8.6
       Fresh getrandom v0.4.2
       Fresh smallvec v1.15.2
       Fresh sparq-substrate v0.1.1 (/private/tmp/sparq-pr6049/.throughput-monitor/worktrees/issue6476/crates/sparq-substrate)
       Fresh uuid v1.23.4
       Fresh spargebra v0.4.6 (/private/tmp/sparq-pr6049/.throughput-monitor/worktrees/issue6476/vendor/spargebra)
       Fresh regex v1.12.4
       Fresh sha2 v0.11.0
       Fresh sha1 v0.11.0
       Fresh md-5 v0.11.0
       Dirty sparq-engine v0.1.1 (/private/tmp/sparq-pr6049/.throughput-monitor/worktrees/issue6476/crates/sparq-engine): the file `/private/tmp/sparq-pr6049/.throughput-monitor/worktrees/issue6476/crates/sparq-engine/src/exec.rs` has changed (1789021104.650501545s, 46m 43s after last build at 1789018301.901184978s)
   Compiling sparq-engine v0.1.1 (/private/tmp/sparq-pr6049/.throughput-monitor/worktrees/issue6476/crates/sparq-engine)
     Running `CARGO=/Users/jesght/.rustup/toolchains/1.97.1-aarch64-apple-darwin/bin/cargo CARGO_CRATE_NAME=sparq_engine CARGO_MANIFEST_DIR=/private/tmp/sparq-pr6049/.throughput-monitor/worktrees/issue6476/crates/sparq-engine CARGO_MANIFEST_PATH=/private/tmp/sparq-pr6049/.throughput-monitor/worktrees/issue6476/crates/sparq-engine/Cargo.toml CARGO_PKG_AUTHORS='' CARGO_PKG_DESCRIPTION='SPARQL query engine over sparq-core: algebra-to-physical-plan compilation, cardinality-based join planning, and parallel execution' CARGO_PKG_HOMEPAGE='https://github.com/sparq-org/sparq' CARGO_PKG_LICENSE=MIT CARGO_PKG_LICENSE_FILE='' CARGO_PKG_NAME=sparq-engine CARGO_PKG_README=README.md CARGO_PKG_REPOSITORY='https://github.com/sparq-org/sparq' CARGO_PKG_RUST_VERSION=1.88 CARGO_PKG_VERSION=0.1.1 CARGO_PKG_VERSION_MAJOR=0 CARGO_PKG_VERSION_MINOR=1 CARGO_PKG_VERSION_PATCH=1 CARGO_PKG_VERSION_PRE='' DYLD_FALLBACK_LIBRARY_PATH='/private/tmp/sparq-pr6049/.throughput-monitor/direct-5983/implementation/target/release/deps:/Users/jesght/lib:/usr/local/lib:/usr/lib' /Users/jesght/.rustup/toolchains/1.97.1-aarch64-apple-darwin/bin/rustc --crate-name sparq_engine --edition=2021 /private/tmp/sparq-pr6049/.throughput-monitor/worktrees/issue6476/crates/sparq-engine/src/lib.rs --error-format=json --json=diagnostic-rendered-ansi,artifacts,future-incompat --crate-type lib --emit=dep-info,metadata,link -C opt-level=3 -C embed-bitcode=no -C codegen-units=16 --warn=unexpected_cfgs --check-cfg 'cfg(kani)' --cfg 'feature="default"' --cfg 'feature="digest"' --cfg 'feature="parallel"' --cfg 'feature="regex"' --check-cfg 'cfg(docsrs,test)' --check-cfg 'cfg(feature, values("algebra-rewrite", "antijoin-static-decline", "cluster-materialize", "cs-anchor-incidence", "cs-planner", "default", "digest", "dp-planner", "explain-json", "id-filter-fastpath", "parallel", "params", "paths", "persistent-stats", "query-solution", "regex", "result-cache", "semijoin-bitmap", "serialize-rdf", "service", "service-local", "spatial-exact-pushdown", "spqcprm2", "streaming-serialization", "templates", "topk-lazy-strkey", "txn", "value-join", "vectorized", "window-functions", "yannakakis", "zk"))' -C metadata=40d833ef5410a7ad -C extra-filename=-d082493c198a3f5b --out-dir /private/tmp/sparq-pr6049/.throughput-monitor/direct-5983/implementation/target/release/deps -C strip=debuginfo -L dependency=/private/tmp/sparq-pr6049/.throughput-monitor/direct-5983/implementation/target/release/deps --extern md5=/private/tmp/sparq-pr6049/.throughput-monitor/direct-5983/implementation/target/release/deps/libmd5-d957b44d2a717174.rmeta --extern oxiri=/private/tmp/sparq-pr6049/.throughput-monitor/direct-5983/implementation/target/release/deps/liboxiri-256fcb858fdf74ff.rmeta --extern oxrdf=/private/tmp/sparq-pr6049/.throughput-monitor/direct-5983/implementation/target/release/deps/liboxrdf-4ecd756ddd7ab1ec.rmeta --extern rayon=/private/tmp/sparq-pr6049/.throughput-monitor/direct-5983/implementation/target/release/deps/librayon-fb353b242d14de3d.rmeta --extern regex=/private/tmp/sparq-pr6049/.throughput-monitor/direct-5983/implementation/target/release/deps/libregex-97e8c9837dd5af91.rmeta --extern rustc_hash=/private/tmp/sparq-pr6049/.throughput-monitor/direct-5983/implementation/target/release/deps/librustc_hash-a257f2d86c4c9dc8.rmeta --extern sha1=/private/tmp/sparq-pr6049/.throughput-monitor/direct-5983/implementation/target/release/deps/libsha1-cae15182d420d048.rmeta --extern sha2=/private/tmp/sparq-pr6049/.throughput-monitor/direct-5983/implementation/target/release/deps/libsha2-778aad56561bbe29.rmeta --extern smallvec=/private/tmp/sparq-pr6049/.throughput-monitor/direct-5983/implementation/target/release/deps/libsmallvec-2cf754751a422d03.rmeta --extern spargebra=/private/tmp/sparq-pr6049/.throughput-monitor/direct-5983/implementation/target/release/deps/libspargebra-c7342e1390d1d163.rmeta --extern sparq_core=/private/tmp/sparq-pr6049/.throughput-monitor/direct-5983/implementation/target/release/deps/libsparq_core-127354fe878a2f23.rmeta --extern sparq_substrate=/private/tmp/sparq-pr6049/.throughput-monitor/direct-5983/implementation/target/release/deps/libsparq_substrate-63e040508c2ddd1a.rmeta --extern uuid=/private/tmp/sparq-pr6049/.throughput-monitor/direct-5983/implementation/target/release/deps/libuuid-633b917788174200.rmeta`
   Compiling operator-corpus-6478-d07 v0.0.0 (/private/tmp/sparq-pr6049/.throughput-monitor/direct-6476/operator-corpus/harness)
     Running `CARGO=/Users/jesght/.rustup/toolchains/1.97.1-aarch64-apple-darwin/bin/cargo CARGO_BIN_NAME=operator-corpus-6478-d07 CARGO_CRATE_NAME=operator_corpus_6478_d07 CARGO_MANIFEST_DIR=/private/tmp/sparq-pr6049/.throughput-monitor/direct-6476/operator-corpus/harness CARGO_MANIFEST_PATH=/private/tmp/sparq-pr6049/.throughput-monitor/direct-6476/operator-corpus/harness/Cargo.toml CARGO_PKG_AUTHORS='' CARGO_PKG_DESCRIPTION='' CARGO_PKG_HOMEPAGE='' CARGO_PKG_LICENSE='' CARGO_PKG_LICENSE_FILE='' CARGO_PKG_NAME=operator-corpus-6478-d07 CARGO_PKG_README='' CARGO_PKG_REPOSITORY='' CARGO_PKG_RUST_VERSION='' CARGO_PKG_VERSION=0.0.0 CARGO_PKG_VERSION_MAJOR=0 CARGO_PKG_VERSION_MINOR=0 CARGO_PKG_VERSION_PATCH=0 CARGO_PKG_VERSION_PRE='' CARGO_PRIMARY_PACKAGE=1 DYLD_FALLBACK_LIBRARY_PATH='/private/tmp/sparq-pr6049/.throughput-monitor/direct-5983/implementation/target/release/deps:/Users/jesght/lib:/usr/local/lib:/usr/lib' /Users/jesght/.rustup/toolchains/1.97.1-aarch64-apple-darwin/bin/rustc --crate-name operator_corpus_6478_d07 --edition=2021 src/main.rs --error-format=json --json=diagnostic-rendered-ansi,artifacts,future-incompat --crate-type bin --emit=dep-info,link -C opt-level=3 -C embed-bitcode=no -C codegen-units=16 --check-cfg 'cfg(docsrs,test)' --check-cfg 'cfg(feature, values("count-alloc"))' -C metadata=9ff621dce72d48ef -C extra-filename=-b8370270843fa77c --out-dir /private/tmp/sparq-pr6049/.throughput-monitor/direct-5983/implementation/target/release/deps -C strip=debuginfo -L dependency=/private/tmp/sparq-pr6049/.throughput-monitor/direct-5983/implementation/target/release/deps --extern libc=/private/tmp/sparq-pr6049/.throughput-monitor/direct-5983/implementation/target/release/deps/liblibc-d3a9ab32a070ca78.rlib --extern oxrdf=/private/tmp/sparq-pr6049/.throughput-monitor/direct-5983/implementation/target/release/deps/liboxrdf-4ecd756ddd7ab1ec.rlib --extern rayon=/private/tmp/sparq-pr6049/.throughput-monitor/direct-5983/implementation/target/release/deps/librayon-fb353b242d14de3d.rlib --extern sparq_core=/private/tmp/sparq-pr6049/.throughput-monitor/direct-5983/implementation/target/release/deps/libsparq_core-127354fe878a2f23.rlib --extern sparq_engine=/private/tmp/sparq-pr6049/.throughput-monitor/direct-5983/implementation/target/release/deps/libsparq_engine-d082493c198a3f5b.rlib`
    Finished `release` profile [optimized] target(s) in 32.41s
