2026-09-10T07:18:46.3240330Z Current runner version: '2.337.0'
2026-09-10T07:18:46.3275380Z ##[group]Runner Image Provisioner
2026-09-10T07:18:46.3276988Z Hosted Compute Agent
2026-09-10T07:18:46.3278120Z Version: 20260828.587
2026-09-10T07:18:46.3279197Z Commit: abac92662cab4cc7352de4f9f9d2e2419aad9c29
2026-09-10T07:18:46.3280464Z Build Date: 2026-08-28T16:44:25Z
2026-09-10T07:18:46.3281673Z Worker ID: {c9dca2e4-9e12-45ed-9edc-a3bd49ec7fc8}
2026-09-10T07:18:46.3282918Z Azure Region: eastus
2026-09-10T07:18:46.3284087Z ##[endgroup]
2026-09-10T07:18:46.3287138Z ##[group]Operating System
2026-09-10T07:18:46.3288247Z Ubuntu
2026-09-10T07:18:46.3289131Z 24.04.5
2026-09-10T07:18:46.3289970Z LTS
2026-09-10T07:18:46.3290938Z ##[endgroup]
2026-09-10T07:18:46.3291850Z ##[group]Runner Image
2026-09-10T07:18:46.3292975Z Image: ubuntu-24.04
2026-09-10T07:18:46.3294031Z Version: 20260907.300.1
2026-09-10T07:18:46.3296224Z Included Software: https://github.com/actions/runner-images/blob/ubuntu24/20260907.300/images/ubuntu/Ubuntu2404-Readme.md
2026-09-10T07:18:46.3299207Z Image Release: https://github.com/actions/runner-images/releases/tag/ubuntu24%2F20260907.300
2026-09-10T07:18:46.3300986Z ##[endgroup]
2026-09-10T07:18:46.3303009Z ##[group]GITHUB_TOKEN Permissions
2026-09-10T07:18:46.3306054Z Contents: read
2026-09-10T07:18:46.3307247Z Metadata: read
2026-09-10T07:18:46.3308369Z PullRequests: read
2026-09-10T07:18:46.3309333Z ##[endgroup]
2026-09-10T07:18:46.3312284Z Secret source: Actions
2026-09-10T07:18:46.3313877Z Cache mode: write
2026-09-10T07:18:46.3315470Z Prepare workflow directory
2026-09-10T07:18:46.3786645Z Prepare all required actions
2026-09-10T07:18:46.3857072Z Getting action download info
2026-09-10T07:18:46.6596726Z Download action repository 'actions/checkout@9c091bb21b7c1c1d1991bb908d89e4e9dddfe3e0' (SHA:9c091bb21b7c1c1d1991bb908d89e4e9dddfe3e0)
2026-09-10T07:18:46.7925355Z Download action repository 'dorny/paths-filter@7b450fff21473bca461d4b92ce414b9d0420d706' (SHA:7b450fff21473bca461d4b92ce414b9d0420d706)
2026-09-10T07:18:47.0424858Z Download action repository 'actions/setup-node@820762786026740c76f36085b0efc47a31fe5020' (SHA:820762786026740c76f36085b0efc47a31fe5020)
2026-09-10T07:18:47.1321600Z Download action repository 'actions/upload-artifact@043fb46d1a93c77aae656e7c1c64a875d1fc6a0a' (SHA:043fb46d1a93c77aae656e7c1c64a875d1fc6a0a)
2026-09-10T07:18:47.2125146Z Download action repository 'taiki-e/install-action@18b1216eba7f8039b0f8d131d5473787f0edce68' (SHA:18b1216eba7f8039b0f8d131d5473787f0edce68)
2026-09-10T07:18:47.6460077Z Complete job name: supply-chain gates (deny + vet + SBOM + VEX + OpenSSF + js-sbom)
2026-09-10T07:18:47.7570584Z ##[group]Run actions/checkout@9c091bb21b7c1c1d1991bb908d89e4e9dddfe3e0
2026-09-10T07:18:47.7571998Z with:
2026-09-10T07:18:47.7572488Z   repository: sparq-org/sparq
2026-09-10T07:18:47.7581062Z   token: ***
2026-09-10T07:18:47.7581546Z   ssh-strict: true
2026-09-10T07:18:47.7582047Z   ssh-user: git
2026-09-10T07:18:47.7582562Z   persist-credentials: true
2026-09-10T07:18:47.7583155Z   clean: true
2026-09-10T07:18:47.7583705Z   sparse-checkout-cone-mode: true
2026-09-10T07:18:47.7584368Z   fetch-depth: 1
2026-09-10T07:18:47.7584854Z   fetch-tags: false
2026-09-10T07:18:47.7585400Z   show-progress: true
2026-09-10T07:18:47.7585963Z   lfs: false
2026-09-10T07:18:47.7586554Z   submodules: false
2026-09-10T07:18:47.7587087Z   set-safe-directory: true
2026-09-10T07:18:47.7587736Z   allow-unsafe-pr-checkout: false
2026-09-10T07:18:47.7588680Z ##[endgroup]
2026-09-10T07:18:47.8626030Z Syncing repository: sparq-org/sparq
2026-09-10T07:18:47.8629235Z ##[group]Getting Git version info
2026-09-10T07:18:47.8630778Z Working directory is '/home/runner/work/sparq/sparq'
2026-09-10T07:18:47.8632961Z [command]/usr/bin/git version
2026-09-10T07:18:47.8763576Z git version 2.55.0
2026-09-10T07:18:47.8788057Z ##[endgroup]
2026-09-10T07:18:47.8800926Z Temporarily overriding HOME='/home/runner/work/_temp/d92d2e6b-2479-4bc4-96de-58406b7ed400' before making global git config changes
2026-09-10T07:18:47.8804883Z Adding repository directory to the temporary git global config as a safe directory
2026-09-10T07:18:47.8813980Z [command]/usr/bin/git config --global --add safe.directory /home/runner/work/sparq/sparq
2026-09-10T07:18:47.8870773Z Deleting the contents of '/home/runner/work/sparq/sparq'
2026-09-10T07:18:47.8875246Z ##[group]Determining repository object format
2026-09-10T07:18:47.8877790Z ##[endgroup]
2026-09-10T07:18:47.8879381Z ##[group]Initializing the repository
2026-09-10T07:18:47.8882768Z [command]/usr/bin/git init /home/runner/work/sparq/sparq
2026-09-10T07:18:47.9023818Z hint: Using 'master' as the name for the initial branch. This default branch name
2026-09-10T07:18:47.9026225Z hint: will change to "main" in Git 3.0. To configure the initial branch name
2026-09-10T07:18:47.9029236Z hint: to use in all of your new repositories, which will suppress this warning,
2026-09-10T07:18:47.9031319Z hint: call:
2026-09-10T07:18:47.9032127Z hint:
2026-09-10T07:18:47.9033315Z hint: 	git config --global init.defaultBranch <name>
2026-09-10T07:18:47.9034928Z hint:
2026-09-10T07:18:47.9036286Z hint: Names commonly chosen instead of 'master' are 'main', 'trunk' and
2026-09-10T07:18:47.9039152Z hint: 'development'. The just-created branch can be renamed via this command:
2026-09-10T07:18:47.9041350Z hint:
2026-09-10T07:18:47.9042348Z hint: 	git branch -m <name>
2026-09-10T07:18:47.9043434Z hint:
2026-09-10T07:18:47.9045030Z hint: Disable this message with "git config set advice.defaultBranchName false"
2026-09-10T07:18:47.9048205Z Initialized empty Git repository in /home/runner/work/sparq/sparq/.git/
2026-09-10T07:18:47.9052321Z [command]/usr/bin/git remote add origin https://github.com/sparq-org/sparq
2026-09-10T07:18:47.9105433Z ##[endgroup]
2026-09-10T07:18:47.9107292Z ##[group]Disabling automatic garbage collection
2026-09-10T07:18:47.9109279Z [command]/usr/bin/git config --local gc.auto 0
2026-09-10T07:18:47.9145953Z ##[endgroup]
2026-09-10T07:18:47.9148580Z ##[group]Setting up auth
2026-09-10T07:18:47.9150053Z Removing SSH command configuration
2026-09-10T07:18:47.9152968Z [command]/usr/bin/git config --local --name-only --get-regexp core\.sshCommand
2026-09-10T07:18:47.9192760Z [command]/usr/bin/git submodule foreach --recursive sh -c "git config --local --name-only --get-regexp 'core\.sshCommand' && git config --local --unset-all 'core.sshCommand' || :"
2026-09-10T07:18:47.9585264Z Removing HTTP extra header
2026-09-10T07:18:47.9592102Z [command]/usr/bin/git config --local --name-only --get-regexp http\.https\:\/\/github\.com\/\.extraheader
2026-09-10T07:18:47.9634539Z [command]/usr/bin/git submodule foreach --recursive sh -c "git config --local --name-only --get-regexp 'http\.https\:\/\/github\.com\/\.extraheader' && git config --local --unset-all 'http.https://github.com/.extraheader' || :"
2026-09-10T07:18:47.9861581Z Removing includeIf entries pointing to credentials config files
2026-09-10T07:18:47.9867003Z [command]/usr/bin/git config --local --name-only --get-regexp ^includeIf\.gitdir:
2026-09-10T07:18:47.9901419Z [command]/usr/bin/git submodule foreach --recursive git config --local --show-origin --name-only --get-regexp remote.origin.url
2026-09-10T07:18:48.0128031Z [command]/usr/bin/git config --file /home/runner/work/_temp/git-credentials-f4b131d2-45cb-47ea-8aac-68e778b17e5a.config http.https://github.com/.extraheader AUTHORIZATION: basic ***
2026-09-10T07:18:48.0168009Z [command]/usr/bin/git config --local includeIf.gitdir:/home/runner/work/sparq/sparq/.git.path /home/runner/work/_temp/git-credentials-f4b131d2-45cb-47ea-8aac-68e778b17e5a.config
2026-09-10T07:18:48.0201784Z [command]/usr/bin/git config --local includeIf.gitdir:/home/runner/work/sparq/sparq/.git/worktrees/*.path /home/runner/work/_temp/git-credentials-f4b131d2-45cb-47ea-8aac-68e778b17e5a.config
2026-09-10T07:18:48.0240437Z [command]/usr/bin/git config --local includeIf.gitdir:/github/workspace/.git.path /github/runner_temp/git-credentials-f4b131d2-45cb-47ea-8aac-68e778b17e5a.config
2026-09-10T07:18:48.0277936Z [command]/usr/bin/git config --local includeIf.gitdir:/github/workspace/.git/worktrees/*.path /github/runner_temp/git-credentials-f4b131d2-45cb-47ea-8aac-68e778b17e5a.config
2026-09-10T07:18:48.0309676Z ##[endgroup]
2026-09-10T07:18:48.0310573Z ##[group]Fetching the repository
2026-09-10T07:18:48.0316622Z [command]/usr/bin/git -c protocol.version=2 fetch --no-tags --prune --no-recurse-submodules --depth=1 origin +ac96a6d71f5b6e1dff34f1f6ae51144785f27327:refs/remotes/pull/6478/merge
2026-09-10T07:18:51.3815263Z From https://github.com/sparq-org/sparq
2026-09-10T07:18:51.3817104Z  * [new ref]         ac96a6d71f5b6e1dff34f1f6ae51144785f27327 -> pull/6478/merge
2026-09-10T07:18:51.3821740Z ##[endgroup]
2026-09-10T07:18:51.3822530Z ##[group]Determining the checkout info
2026-09-10T07:18:51.3827023Z ##[endgroup]
2026-09-10T07:18:51.3827892Z [command]/usr/bin/git sparse-checkout disable
2026-09-10T07:18:51.3886602Z [command]/usr/bin/git config --local --unset-all extensions.worktreeConfig
2026-09-10T07:18:51.3920836Z ##[group]Checking out the ref
2026-09-10T07:18:51.3925545Z [command]/usr/bin/git checkout --progress --force refs/remotes/pull/6478/merge
2026-09-10T07:18:51.9495387Z Note: switching to 'refs/remotes/pull/6478/merge'.
2026-09-10T07:18:51.9495915Z 
2026-09-10T07:18:51.9496621Z You are in 'detached HEAD' state. You can look around, make experimental
2026-09-10T07:18:51.9497598Z changes and commit them, and you can discard any commits you make in this
2026-09-10T07:18:51.9498500Z state without impacting any branches by switching back to a branch.
2026-09-10T07:18:51.9499400Z 
2026-09-10T07:18:51.9500395Z If you want to create a new branch to retain commits you create, you may
2026-09-10T07:18:51.9501224Z do so (now or later) by using -c with the switch command. Example:
2026-09-10T07:18:51.9501676Z 
2026-09-10T07:18:51.9501860Z   git switch -c <new-branch-name>
2026-09-10T07:18:51.9502180Z 
2026-09-10T07:18:51.9502363Z Or undo this operation with:
2026-09-10T07:18:51.9502661Z 
2026-09-10T07:18:51.9502807Z   git switch -
2026-09-10T07:18:51.9503200Z 
2026-09-10T07:18:51.9503982Z Turn off this advice by setting config variable advice.detachedHead to false
2026-09-10T07:18:51.9504628Z 
2026-09-10T07:18:51.9505239Z HEAD is now at ac96a6d Merge 3c637b228449e9345d8bba31ea2d7d449f8a2b8f into d41ec9fcb796504d85f5a5247a5fdc9eb3e65de5
2026-09-10T07:18:51.9519545Z ##[endgroup]
2026-09-10T07:18:51.9573612Z [command]/usr/bin/git log -1 --format=%H
2026-09-10T07:18:51.9605787Z ac96a6d71f5b6e1dff34f1f6ae51144785f27327
2026-09-10T07:18:51.9879209Z ##[group]Run dorny/paths-filter@7b450fff21473bca461d4b92ce414b9d0420d706
2026-09-10T07:18:51.9879630Z with:
2026-09-10T07:18:51.9880219Z   filters: rust:
  - '**/*.rs'
  - '**/Cargo.toml'
  - 'Cargo.lock'
  - 'rust-toolchain*'
  - 'deny.toml'
  - 'supply-chain/**'
  - '.github/workflows/supply-chain.yml'

2026-09-10T07:18:51.9883217Z   token: ***
2026-09-10T07:18:51.9883433Z   list-files: none
2026-09-10T07:18:51.9883667Z   initial-fetch-depth: 100
2026-09-10T07:18:51.9883918Z   predicate-quantifier: some
2026-09-10T07:18:51.9884184Z ##[endgroup]
2026-09-10T07:18:52.0685382Z ##[group]Fetching list of changed files for PR#6478 from GitHub API
2026-09-10T07:18:52.0694362Z Invoking listFiles(pull_number: 6478, per_page: 100)
2026-09-10T07:18:52.4963286Z ##[endgroup]
2026-09-10T07:18:52.4987787Z ##[error]Server Error: Sorry, this diff is temporarily unavailable due to heavy server load.: {"resource":"PullRequest","field":"diff","code":"not_available"}
2026-09-10T07:18:52.5493688Z Post job cleanup.
2026-09-10T07:18:52.6387027Z [command]/usr/bin/git version
2026-09-10T07:18:52.6433381Z git version 2.55.0
2026-09-10T07:18:52.6474513Z Temporarily overriding HOME='/home/runner/work/_temp/52df06bc-71f6-47d4-9861-d43a012e97a1' before making global git config changes
2026-09-10T07:18:52.6475659Z Adding repository directory to the temporary git global config as a safe directory
2026-09-10T07:18:52.6480571Z [command]/usr/bin/git config --global --add safe.directory /home/runner/work/sparq/sparq
2026-09-10T07:18:52.6519760Z Removing SSH command configuration
2026-09-10T07:18:52.6521359Z [command]/usr/bin/git config --local --name-only --get-regexp core\.sshCommand
2026-09-10T07:18:52.6559273Z [command]/usr/bin/git submodule foreach --recursive sh -c "git config --local --name-only --get-regexp 'core\.sshCommand' && git config --local --unset-all 'core.sshCommand' || :"
2026-09-10T07:18:52.6814452Z Removing HTTP extra header
2026-09-10T07:18:52.6821095Z [command]/usr/bin/git config --local --name-only --get-regexp http\.https\:\/\/github\.com\/\.extraheader
2026-09-10T07:18:52.6857970Z [command]/usr/bin/git submodule foreach --recursive sh -c "git config --local --name-only --get-regexp 'http\.https\:\/\/github\.com\/\.extraheader' && git config --local --unset-all 'http.https://github.com/.extraheader' || :"
2026-09-10T07:18:52.7116008Z Removing includeIf entries pointing to credentials config files
2026-09-10T07:18:52.7124716Z [command]/usr/bin/git config --local --name-only --get-regexp ^includeIf\.gitdir:
2026-09-10T07:18:52.7171837Z includeif.gitdir:/home/runner/work/sparq/sparq/.git.path
2026-09-10T07:18:52.7173050Z includeif.gitdir:/home/runner/work/sparq/sparq/.git/worktrees/*.path
2026-09-10T07:18:52.7174091Z includeif.gitdir:/github/workspace/.git.path
2026-09-10T07:18:52.7174906Z includeif.gitdir:/github/workspace/.git/worktrees/*.path
2026-09-10T07:18:52.7184903Z [command]/usr/bin/git config --local --get-all includeif.gitdir:/home/runner/work/sparq/sparq/.git.path
2026-09-10T07:18:52.7219658Z /home/runner/work/_temp/git-credentials-f4b131d2-45cb-47ea-8aac-68e778b17e5a.config
2026-09-10T07:18:52.7255497Z [command]/usr/bin/git config --local --unset includeif.gitdir:/home/runner/work/sparq/sparq/.git.path /home/runner/work/_temp/git-credentials-f4b131d2-45cb-47ea-8aac-68e778b17e5a.config
2026-09-10T07:18:52.7310978Z [command]/usr/bin/git config --local --get-all includeif.gitdir:/home/runner/work/sparq/sparq/.git/worktrees/*.path
2026-09-10T07:18:52.7349219Z /home/runner/work/_temp/git-credentials-f4b131d2-45cb-47ea-8aac-68e778b17e5a.config
2026-09-10T07:18:52.7361542Z [command]/usr/bin/git config --local --unset includeif.gitdir:/home/runner/work/sparq/sparq/.git/worktrees/*.path /home/runner/work/_temp/git-credentials-f4b131d2-45cb-47ea-8aac-68e778b17e5a.config
2026-09-10T07:18:52.7418414Z [command]/usr/bin/git config --local --get-all includeif.gitdir:/github/workspace/.git.path
2026-09-10T07:18:52.7445448Z /github/runner_temp/git-credentials-f4b131d2-45cb-47ea-8aac-68e778b17e5a.config
2026-09-10T07:18:52.7454279Z [command]/usr/bin/git config --local --unset includeif.gitdir:/github/workspace/.git.path /github/runner_temp/git-credentials-f4b131d2-45cb-47ea-8aac-68e778b17e5a.config
2026-09-10T07:18:52.7491965Z [command]/usr/bin/git config --local --get-all includeif.gitdir:/github/workspace/.git/worktrees/*.path
2026-09-10T07:18:52.7519573Z /github/runner_temp/git-credentials-f4b131d2-45cb-47ea-8aac-68e778b17e5a.config
2026-09-10T07:18:52.7527577Z [command]/usr/bin/git config --local --unset includeif.gitdir:/github/workspace/.git/worktrees/*.path /github/runner_temp/git-credentials-f4b131d2-45cb-47ea-8aac-68e778b17e5a.config
2026-09-10T07:18:52.7568208Z [command]/usr/bin/git submodule foreach --recursive git config --local --show-origin --name-only --get-regexp remote.origin.url
2026-09-10T07:18:52.7825911Z Removing credentials config '/home/runner/work/_temp/git-credentials-f4b131d2-45cb-47ea-8aac-68e778b17e5a.config'
2026-09-10T07:18:52.7975406Z Cleaning up orphan processes
