node:internal/modules/cjs/loader:1520
  throw err;
  ^

Error: Cannot find module 'sharp'
Require stack:
- /private/tmp/sparq-pr6049/.throughput-monitor/direct-6480/native-smoke-followup/final/controls/missing-module/[stdin]
    at Module._resolveFilename (node:internal/modules/cjs/loader:1517:15)
    at wrapResolveFilename (node:internal/modules/cjs/loader:1071:27)
    at defaultResolveImplForCJSLoading (node:internal/modules/cjs/loader:1095:10)
    at resolveForCJSWithHooks (node:internal/modules/cjs/loader:1122:12)
    at Module._load (node:internal/modules/cjs/loader:1294:5)
    at wrapModuleLoad (node:internal/modules/cjs/loader:255:19)
    at Module.require (node:internal/modules/cjs/loader:1617:12)
    at require (node:internal/modules/helpers:153:16)
    at [stdin]:3:15
    at runScriptInThisContext (node:internal/vm:219:10) {
  code: 'MODULE_NOT_FOUND',
  requireStack: [
    '/private/tmp/sparq-pr6049/.throughput-monitor/direct-6480/native-smoke-followup/final/controls/missing-module/[stdin]'
  ]
}

Node.js v24.19.0
