{"sharp":"0.35.4","versions":{"sharp":"0.35.4","vips":"STUB-NOT-NATIVE"}}
node:assert:152
  throw new AssertionError(obj);
  ^

AssertionError [ERR_ASSERTION]: installed sharp must match the committed lock

'0.35.4' !== '0.35.3'

    at [stdin]:7:8
    at runScriptInThisContext (node:internal/vm:219:10)
    at node:internal/process/execution:451:12
    at [stdin]-wrapper:6:24
    at runScriptInContext (node:internal/process/execution:449:60)
    at evalFunction (node:internal/process/execution:283:30)
    at evalTypeScript (node:internal/process/execution:295:3)
    at node:internal/main/eval_stdin:51:5
    at Socket.<anonymous> (node:internal/process/execution:205:5)
    at Socket.emit (node:events:521:24) {
  generatedMessage: false,
  code: 'ERR_ASSERTION',
  actual: '0.35.4',
  expected: '0.35.3',
  operator: 'strictEqual',
  diff: 'simple'
}

Node.js v24.19.0
