2026-09-09T01:37:54.6911551Z Current runner version: '2.337.0'
2026-09-09T01:37:54.6937864Z ##[group]Runner Image Provisioner
2026-09-09T01:37:54.6938805Z Hosted Compute Agent
2026-09-09T01:37:54.6939423Z Version: 20260828.587
2026-09-09T01:37:54.6940053Z Commit: abac92662cab4cc7352de4f9f9d2e2419aad9c29
2026-09-09T01:37:54.6941115Z Build Date: 2026-08-28T16:44:25Z
2026-09-09T01:37:54.6941819Z Worker ID: {0aa36e78-b0c4-458b-b970-adc18d32a2eb}
2026-09-09T01:37:54.6942575Z Azure Region: northcentralus
2026-09-09T01:37:54.6943235Z ##[endgroup]
2026-09-09T01:37:54.6945013Z ##[group]Operating System
2026-09-09T01:37:54.6945748Z Ubuntu
2026-09-09T01:37:54.6946260Z 24.04.4
2026-09-09T01:37:54.6946790Z LTS
2026-09-09T01:37:54.6947351Z ##[endgroup]
2026-09-09T01:37:54.6947905Z ##[group]Runner Image
2026-09-09T01:37:54.6948529Z Image: ubuntu-24.04
2026-09-09T01:37:54.6949093Z Version: 20260831.293.1
2026-09-09T01:37:54.6950941Z Included Software: https://github.com/actions/runner-images/blob/ubuntu24/20260831.293/images/ubuntu/Ubuntu2404-Readme.md
2026-09-09T01:37:54.6952570Z Image Release: https://github.com/actions/runner-images/releases/tag/ubuntu24%2F20260831.293
2026-09-09T01:37:54.6953564Z ##[endgroup]
2026-09-09T01:37:54.6954762Z ##[group]GITHUB_TOKEN Permissions
2026-09-09T01:37:54.6957049Z Contents: read
2026-09-09T01:37:54.6957663Z Issues: write
2026-09-09T01:37:54.6958313Z Metadata: read
2026-09-09T01:37:54.6958877Z ##[endgroup]
2026-09-09T01:37:54.6961898Z Secret source: Actions
2026-09-09T01:37:54.6963295Z Prepare workflow directory
2026-09-09T01:37:54.7507614Z Prepare all required actions
2026-09-09T01:37:54.7557432Z Getting action download info
2026-09-09T01:37:55.0069215Z Download action repository 'actions/checkout@9c091bb21b7c1c1d1991bb908d89e4e9dddfe3e0' (SHA:9c091bb21b7c1c1d1991bb908d89e4e9dddfe3e0)
2026-09-09T01:37:55.2987061Z Complete job name: clear the needs:area park
2026-09-09T01:37:55.3839937Z ##[group]Run actions/checkout@9c091bb21b7c1c1d1991bb908d89e4e9dddfe3e0
2026-09-09T01:37:55.3841351Z with:
2026-09-09T01:37:55.3841831Z   persist-credentials: false
2026-09-09T01:37:55.3842369Z   repository: sparq-org/sparq
2026-09-09T01:37:55.3846355Z   token: ***
2026-09-09T01:37:55.3846799Z   ssh-strict: true
2026-09-09T01:37:55.3847237Z   ssh-user: git
2026-09-09T01:37:55.3847661Z   clean: true
2026-09-09T01:37:55.3848136Z   sparse-checkout-cone-mode: true
2026-09-09T01:37:55.3848662Z   fetch-depth: 1
2026-09-09T01:37:55.3849091Z   fetch-tags: false
2026-09-09T01:37:55.3849531Z   show-progress: true
2026-09-09T01:37:55.3849968Z   lfs: false
2026-09-09T01:37:55.3850859Z   submodules: false
2026-09-09T01:37:55.3851322Z   set-safe-directory: true
2026-09-09T01:37:55.3851836Z   allow-unsafe-pr-checkout: false
2026-09-09T01:37:55.3852675Z env:
2026-09-09T01:37:55.3856494Z   GH_TOKEN: ***
2026-09-09T01:37:55.3857121Z   SPARQ_REPO: sparq-org/sparq
2026-09-09T01:37:55.3857680Z ##[endgroup]
2026-09-09T01:37:55.4947039Z Syncing repository: sparq-org/sparq
2026-09-09T01:37:55.4949880Z ##[group]Getting Git version info
2026-09-09T01:37:55.4951348Z Working directory is '/home/runner/work/sparq/sparq'
2026-09-09T01:37:55.4952463Z [command]/usr/bin/git version
2026-09-09T01:37:55.4991327Z git version 2.55.0
2026-09-09T01:37:55.5027779Z ##[endgroup]
2026-09-09T01:37:55.5040435Z Temporarily overriding HOME='/home/runner/work/_temp/59015b0e-6346-4f31-b539-8c46ec4d67ee' before making global git config changes
2026-09-09T01:37:55.5043164Z Adding repository directory to the temporary git global config as a safe directory
2026-09-09T01:37:55.5047678Z [command]/usr/bin/git config --global --add safe.directory /home/runner/work/sparq/sparq
2026-09-09T01:37:55.5102549Z Deleting the contents of '/home/runner/work/sparq/sparq'
2026-09-09T01:37:55.5106928Z ##[group]Determining repository object format
2026-09-09T01:37:55.5108574Z ##[endgroup]
2026-09-09T01:37:55.5109830Z ##[group]Initializing the repository
2026-09-09T01:37:55.5113566Z [command]/usr/bin/git init /home/runner/work/sparq/sparq
2026-09-09T01:37:55.5217864Z hint: Using 'master' as the name for the initial branch. This default branch name
2026-09-09T01:37:55.5219903Z hint: will change to "main" in Git 3.0. To configure the initial branch name
2026-09-09T01:37:55.5221867Z hint: to use in all of your new repositories, which will suppress this warning,
2026-09-09T01:37:55.5223092Z hint: call:
2026-09-09T01:37:55.5223729Z hint:
2026-09-09T01:37:55.5224541Z hint: 	git config --global init.defaultBranch <name>
2026-09-09T01:37:55.5225528Z hint:
2026-09-09T01:37:55.5226538Z hint: Names commonly chosen instead of 'master' are 'main', 'trunk' and
2026-09-09T01:37:55.5228116Z hint: 'development'. The just-created branch can be renamed via this command:
2026-09-09T01:37:55.5229318Z hint:
2026-09-09T01:37:55.5229970Z hint: 	git branch -m <name>
2026-09-09T01:37:55.5231016Z hint:
2026-09-09T01:37:55.5232148Z hint: Disable this message with "git config set advice.defaultBranchName false"
2026-09-09T01:37:55.5233766Z Initialized empty Git repository in /home/runner/work/sparq/sparq/.git/
2026-09-09T01:37:55.5236486Z [command]/usr/bin/git remote add origin https://github.com/sparq-org/sparq
2026-09-09T01:37:55.5279675Z ##[endgroup]
2026-09-09T01:37:55.5281264Z ##[group]Disabling automatic garbage collection
2026-09-09T01:37:55.5283375Z [command]/usr/bin/git config --local gc.auto 0
2026-09-09T01:37:55.5319925Z ##[endgroup]
2026-09-09T01:37:55.5322166Z ##[group]Setting up auth
2026-09-09T01:37:55.5323182Z Removing SSH command configuration
2026-09-09T01:37:55.5326707Z [command]/usr/bin/git config --local --name-only --get-regexp core\.sshCommand
2026-09-09T01:37:55.5369735Z [command]/usr/bin/git submodule foreach --recursive sh -c "git config --local --name-only --get-regexp 'core\.sshCommand' && git config --local --unset-all 'core.sshCommand' || :"
2026-09-09T01:37:55.5719260Z Removing HTTP extra header
2026-09-09T01:37:55.5725965Z [command]/usr/bin/git config --local --name-only --get-regexp http\.https\:\/\/github\.com\/\.extraheader
2026-09-09T01:37:55.5765841Z [command]/usr/bin/git submodule foreach --recursive sh -c "git config --local --name-only --get-regexp 'http\.https\:\/\/github\.com\/\.extraheader' && git config --local --unset-all 'http.https://github.com/.extraheader' || :"
2026-09-09T01:37:55.6001644Z Removing includeIf entries pointing to credentials config files
2026-09-09T01:37:55.6006776Z [command]/usr/bin/git config --local --name-only --get-regexp ^includeIf\.gitdir:
2026-09-09T01:37:55.6044387Z [command]/usr/bin/git submodule foreach --recursive git config --local --show-origin --name-only --get-regexp remote.origin.url
2026-09-09T01:37:55.6286045Z [command]/usr/bin/git config --file /home/runner/work/_temp/git-credentials-ba6e2833-2972-4367-a683-bb161882e02f.config http.https://github.com/.extraheader AUTHORIZATION: basic ***
2026-09-09T01:37:55.6328951Z [command]/usr/bin/git config --local includeIf.gitdir:/home/runner/work/sparq/sparq/.git.path /home/runner/work/_temp/git-credentials-ba6e2833-2972-4367-a683-bb161882e02f.config
2026-09-09T01:37:55.6364409Z [command]/usr/bin/git config --local includeIf.gitdir:/home/runner/work/sparq/sparq/.git/worktrees/*.path /home/runner/work/_temp/git-credentials-ba6e2833-2972-4367-a683-bb161882e02f.config
2026-09-09T01:37:55.6402147Z [command]/usr/bin/git config --local includeIf.gitdir:/github/workspace/.git.path /github/runner_temp/git-credentials-ba6e2833-2972-4367-a683-bb161882e02f.config
2026-09-09T01:37:55.6439487Z [command]/usr/bin/git config --local includeIf.gitdir:/github/workspace/.git/worktrees/*.path /github/runner_temp/git-credentials-ba6e2833-2972-4367-a683-bb161882e02f.config
2026-09-09T01:37:55.6551473Z ##[endgroup]
2026-09-09T01:37:55.6553062Z ##[group]Fetching the repository
2026-09-09T01:37:55.6555175Z [command]/usr/bin/git -c protocol.version=2 fetch --no-tags --prune --no-recurse-submodules --depth=1 origin +a42a9e89dec485f6a319c47cb3635c59cb5a2270:refs/remotes/origin/main
2026-09-09T01:37:58.8988180Z From https://github.com/sparq-org/sparq
2026-09-09T01:37:58.8990957Z  * [new ref]         a42a9e89dec485f6a319c47cb3635c59cb5a2270 -> origin/main
2026-09-09T01:37:58.8997868Z [command]/usr/bin/git branch --list --remote origin/main
2026-09-09T01:37:58.9030506Z   origin/main
2026-09-09T01:37:58.9039367Z [command]/usr/bin/git rev-parse refs/remotes/origin/main
2026-09-09T01:37:58.9066984Z a42a9e89dec485f6a319c47cb3635c59cb5a2270
2026-09-09T01:37:58.9072593Z ##[endgroup]
2026-09-09T01:37:58.9074502Z ##[group]Determining the checkout info
2026-09-09T01:37:58.9076628Z ##[endgroup]
2026-09-09T01:37:58.9077543Z [command]/usr/bin/git sparse-checkout disable
2026-09-09T01:37:58.9128523Z [command]/usr/bin/git config --local --unset-all extensions.worktreeConfig
2026-09-09T01:37:58.9164027Z ##[group]Checking out the ref
2026-09-09T01:37:58.9166665Z [command]/usr/bin/git checkout --progress --force -B main refs/remotes/origin/main
2026-09-09T01:37:59.4810616Z Switched to a new branch 'main'
2026-09-09T01:37:59.4813138Z branch 'main' set up to track 'origin/main'.
2026-09-09T01:37:59.4829208Z ##[endgroup]
2026-09-09T01:37:59.4880927Z [command]/usr/bin/git log -1 --format=%H
2026-09-09T01:37:59.4912677Z a42a9e89dec485f6a319c47cb3635c59cb5a2270
2026-09-09T01:37:59.4922576Z ##[group]Removing auth
2026-09-09T01:37:59.4923221Z Removing SSH command configuration
2026-09-09T01:37:59.4926842Z [command]/usr/bin/git config --local --name-only --get-regexp core\.sshCommand
2026-09-09T01:37:59.4968436Z [command]/usr/bin/git submodule foreach --recursive sh -c "git config --local --name-only --get-regexp 'core\.sshCommand' && git config --local --unset-all 'core.sshCommand' || :"
2026-09-09T01:37:59.5206843Z Removing HTTP extra header
2026-09-09T01:37:59.5211589Z [command]/usr/bin/git config --local --name-only --get-regexp http\.https\:\/\/github\.com\/\.extraheader
2026-09-09T01:37:59.5248379Z [command]/usr/bin/git submodule foreach --recursive sh -c "git config --local --name-only --get-regexp 'http\.https\:\/\/github\.com\/\.extraheader' && git config --local --unset-all 'http.https://github.com/.extraheader' || :"
2026-09-09T01:37:59.5482921Z Removing includeIf entries pointing to credentials config files
2026-09-09T01:37:59.5486603Z [command]/usr/bin/git config --local --name-only --get-regexp ^includeIf\.gitdir:
2026-09-09T01:37:59.5518903Z includeif.gitdir:/home/runner/work/sparq/sparq/.git.path
2026-09-09T01:37:59.5519776Z includeif.gitdir:/home/runner/work/sparq/sparq/.git/worktrees/*.path
2026-09-09T01:37:59.5520587Z includeif.gitdir:/github/workspace/.git.path
2026-09-09T01:37:59.5521064Z includeif.gitdir:/github/workspace/.git/worktrees/*.path
2026-09-09T01:37:59.5528154Z [command]/usr/bin/git config --local --get-all includeif.gitdir:/home/runner/work/sparq/sparq/.git.path
2026-09-09T01:37:59.5555526Z /home/runner/work/_temp/git-credentials-ba6e2833-2972-4367-a683-bb161882e02f.config
2026-09-09T01:37:59.5565273Z [command]/usr/bin/git config --local --unset includeif.gitdir:/home/runner/work/sparq/sparq/.git.path /home/runner/work/_temp/git-credentials-ba6e2833-2972-4367-a683-bb161882e02f.config
2026-09-09T01:37:59.5603690Z [command]/usr/bin/git config --local --get-all includeif.gitdir:/home/runner/work/sparq/sparq/.git/worktrees/*.path
2026-09-09T01:37:59.5638935Z /home/runner/work/_temp/git-credentials-ba6e2833-2972-4367-a683-bb161882e02f.config
2026-09-09T01:37:59.5647452Z [command]/usr/bin/git config --local --unset includeif.gitdir:/home/runner/work/sparq/sparq/.git/worktrees/*.path /home/runner/work/_temp/git-credentials-ba6e2833-2972-4367-a683-bb161882e02f.config
2026-09-09T01:37:59.5686411Z [command]/usr/bin/git config --local --get-all includeif.gitdir:/github/workspace/.git.path
2026-09-09T01:37:59.5717923Z /github/runner_temp/git-credentials-ba6e2833-2972-4367-a683-bb161882e02f.config
2026-09-09T01:37:59.5731903Z [command]/usr/bin/git config --local --unset includeif.gitdir:/github/workspace/.git.path /github/runner_temp/git-credentials-ba6e2833-2972-4367-a683-bb161882e02f.config
2026-09-09T01:37:59.5769241Z [command]/usr/bin/git config --local --get-all includeif.gitdir:/github/workspace/.git/worktrees/*.path
2026-09-09T01:37:59.5796335Z /github/runner_temp/git-credentials-ba6e2833-2972-4367-a683-bb161882e02f.config
2026-09-09T01:37:59.5804104Z [command]/usr/bin/git config --local --unset includeif.gitdir:/github/workspace/.git/worktrees/*.path /github/runner_temp/git-credentials-ba6e2833-2972-4367-a683-bb161882e02f.config
2026-09-09T01:37:59.5843616Z [command]/usr/bin/git submodule foreach --recursive git config --local --show-origin --name-only --get-regexp remote.origin.url
2026-09-09T01:37:59.6076121Z Removing credentials config '/home/runner/work/_temp/git-credentials-ba6e2833-2972-4367-a683-bb161882e02f.config'
2026-09-09T01:37:59.6085120Z ##[endgroup]
2026-09-09T01:37:59.6279146Z ##[group]Run set -euo pipefail
2026-09-09T01:37:59.6279596Z [36;1mset -euo pipefail[0m
2026-09-09T01:37:59.6279973Z [36;1mpython3 scripts/triage-area.py --self-test[0m
2026-09-09T01:37:59.6280830Z [36;1mpython3 scripts/tests/test_triage_area.py[0m
2026-09-09T01:37:59.6322284Z shell: /usr/bin/bash -e {0}
2026-09-09T01:37:59.6322622Z env:
2026-09-09T01:37:59.6325464Z   GH_TOKEN: ***
2026-09-09T01:37:59.6325787Z   SPARQ_REPO: sparq-org/sparq
2026-09-09T01:37:59.6326088Z ##[endgroup]
2026-09-09T01:37:59.7079188Z ok   declared single
2026-09-09T01:37:59.7079841Z ok   declared multi
2026-09-09T01:37:59.7080439Z ok   declared surface
2026-09-09T01:37:59.7080802Z ok   declared new-crate -> parked
2026-09-09T01:37:59.7081162Z ok   no evidence -> parked
2026-09-09T01:37:59.7081516Z ok   body-only mention does not fire a title rule
2026-09-09T01:37:59.7081966Z ok   body-only ieee754 does not fire the title-scoped zk rule
2026-09-09T01:37:59.7082368Z ok   spec beats zk
2026-09-09T01:37:59.7082782Z ok   workflow lane beats zk-compose
2026-09-09T01:37:59.7083098Z ok   noir upstream
2026-09-09T01:37:59.7083360Z ok   dual zk libraries
2026-09-09T01:37:59.7083628Z ok   dl lane
2026-09-09T01:37:59.7083871Z ok   el lane
2026-09-09T01:37:59.7084140Z ok   difftest normaliser+harness
2026-09-09T01:37:59.7084469Z ok   difftest harness only
2026-09-09T01:37:59.7084757Z ok   t2 title scope
2026-09-09T01:37:59.7085053Z ok   already-area is a no-op
2026-09-09T01:37:59.7085420Z SELF-TEST PASSED
2026-09-09T01:37:59.8056948Z test_a_body_name_drop_is_not_evidence (__main__.TestFailClosed.test_a_body_name_drop_is_not_evidence) ... ok
2026-09-09T01:37:59.8072742Z test_declaration_naming_no_real_crate_stays_parked (__main__.TestFailClosed.test_declaration_naming_no_real_crate_stays_parked) ... ok
2026-09-09T01:37:59.8108758Z test_no_evidence_stays_parked (__main__.TestFailClosed.test_no_evidence_stays_parked) ... ok
2026-09-09T01:37:59.8109796Z test_a_never_parked_area_less_issue_reaches_the_queue (__main__.TestFetchReach.test_a_never_parked_area_less_issue_reaches_the_queue)
2026-09-09T01:37:59.8149226Z THE REACH GUARD. A `--label needs:area` fetch cannot return an issue that ... ok
2026-09-09T01:37:59.8150633Z test_a_runaway_snapshot_fails_closed (__main__.TestFetchReach.test_a_runaway_snapshot_fails_closed)
2026-09-09T01:37:59.8179099Z The ceiling is the other half of dropping the limit: pagination to ... ok
2026-09-09T01:37:59.8180974Z test_an_already_attributed_issue_is_not_re_fetched (__main__.TestFetchReach.test_an_already_attributed_issue_is_not_re_fetched)
2026-09-09T01:37:59.8212887Z Widening the reach must not re-open settled work: an issue that already ... ok
2026-09-09T01:37:59.8214460Z test_pull_requests_are_not_candidates (__main__.TestFetchReach.test_pull_requests_are_not_candidates)
2026-09-09T01:37:59.8246793Z The issues endpoint returns PRs; a PR has no dispatch partition, so ... ok
2026-09-09T01:37:59.8248325Z test_the_fetch_does_not_silently_truncate (__main__.TestFetchReach.test_the_fetch_does_not_silently_truncate)
2026-09-09T01:37:59.8280521Z THE TRUNCATION GUARD. `--limit 1000` keeps the newest 1000 and reports ... ok
2026-09-09T01:37:59.8313363Z test_the_fetch_uses_cursor_pagination (__main__.TestFetchReach.test_the_fetch_uses_cursor_pagination) ... ok
2026-09-09T01:37:59.8315052Z test_already_classified_issue_is_a_no_op (__main__.TestNoDrift.test_already_classified_issue_is_a_no_op) ... ok
2026-09-09T01:37:59.8316325Z test_main_never_applies_an_unclassified_row (__main__.TestNoDrift.test_main_never_applies_an_unclassified_row)
2026-09-09T01:37:59.8341752Z End-to-end over `main() --apply`: the filter that decides WHICH rows are ... ok
2026-09-09T01:37:59.8351429Z test_plan_emits_labels_only_for_classifiable_issues (__main__.TestNoDrift.test_plan_emits_labels_only_for_classifiable_issues) ... ok
2026-09-09T01:37:59.8352984Z test_the_unpark_and_the_areas_travel_in_one_call (__main__.TestNoDrift.test_the_unpark_and_the_areas_travel_in_one_call) ... ok
2026-09-09T01:37:59.8354434Z test_unpark_is_never_emitted_without_an_area (__main__.TestNoDrift.test_unpark_is_never_emitted_without_an_area)
2026-09-09T01:37:59.8355250Z The named case: apply_row called with NO areas must not reach `gh` at ... ok
2026-09-09T01:37:59.8356282Z test_cross_cutting_issues_keep_every_area (__main__.TestRuleTableHygiene.test_cross_cutting_issues_keep_every_area)
2026-09-09T01:37:59.8357365Z The partitioner maps multi-area to __global__ deliberately. Collapsing a ... ok
2026-09-09T01:37:59.8358331Z test_declaration_span_stops_at_the_sentence_break (__main__.TestRuleTableHygiene.test_declaration_span_stops_at_the_sentence_break)
2026-09-09T01:37:59.8359683Z sq-p4zci's field is followed by prose containing 'docs/SKILL examples'; ... ok
2026-09-09T01:37:59.8361351Z test_every_emitted_area_is_a_real_crate_or_a_known_surface (__main__.TestRuleTableHygiene.test_every_emitted_area_is_a_real_crate_or_a_known_surface)
2026-09-09T01:37:59.8362352Z Never invent a label. An `area:` the repo does not have is invisible to ... ok
2026-09-09T01:37:59.8363379Z test_only_the_pinned_rules_are_allowed_to_read_the_body (__main__.TestRuleTableHygiene.test_only_the_pinned_rules_are_allowed_to_read_the_body)
2026-09-09T01:37:59.8364691Z The scope of a rule is a POLICY decision, and widening one from `title` ... ok
2026-09-09T01:37:59.8365638Z test_rule_order_survives_the_known_name_drop_collisions (__main__.TestRuleTableHygiene.test_rule_order_survives_the_known_name_drop_collisions)
2026-09-09T01:37:59.8366509Z Three orderings were each MEASURED wrong on the live backlog. Pin them: ... ok
2026-09-09T01:37:59.8367325Z test_scope_is_declared_and_only_ever_title_or_text (__main__.TestRuleTableHygiene.test_scope_is_declared_and_only_ever_title_or_text)
2026-09-09T01:37:59.8368102Z `scope` is a two-valued dispatch in classify(); a typo'd third value ... ok
2026-09-09T01:37:59.8368869Z test_a_text_scoped_rule_does_fire_from_the_body (__main__.TestScopeDiscipline.test_a_text_scoped_rule_does_fire_from_the_body)
2026-09-09T01:37:59.8392035Z The other direction of the same dispatch. The `text`-scoped rules exist ... ok
2026-09-09T01:37:59.8392953Z test_a_title_scoped_rule_never_fires_from_the_body_alone (__main__.TestScopeDiscipline.test_a_title_scoped_rule_never_fires_from_the_body_alone)
2026-09-09T01:37:59.8968387Z THE property. Each title rule's own witness, moved into the body of an ... ok
2026-09-09T01:37:59.8969613Z test_every_rule_has_a_witness_that_actually_matches (__main__.TestScopeDiscipline.test_every_rule_has_a_witness_that_actually_matches)
2026-09-09T01:37:59.9052806Z The generated fixtures are the substrate of both properties below; if one ... ok
2026-09-09T01:37:59.9054089Z test_the_scope_immune_rules_are_exactly_the_fully_anchored_ones (__main__.TestScopeDiscipline.test_the_scope_immune_rules_are_exactly_the_fully_anchored_ones)
2026-09-09T01:37:59.9098903Z Keeps the exemption above honest: a rule is exempt only because every ... ok
2026-09-09T01:37:59.9100028Z test_zk_ieee754_scope_is_pinned_not_only_its_order (__main__.TestScopeDiscipline.test_zk_ieee754_scope_is_pinned_not_only_its_order)
2026-09-09T01:37:59.9118440Z The rule's own comment gives TWO reasons it is safe — "TITLE-scoped and ... ok
2026-09-09T01:37:59.9119494Z test_a_never_parked_issue_is_not_unparked (__main__.TestUnparkDiscipline.test_a_never_parked_issue_is_not_unparked) ... ok
2026-09-09T01:37:59.9120802Z test_a_parked_issue_still_travels_with_its_unpark (__main__.TestUnparkDiscipline.test_a_parked_issue_still_travels_with_its_unpark) ... ok
2026-09-09T01:37:59.9122161Z test_main_decides_the_unpark_per_issue (__main__.TestUnparkDiscipline.test_main_decides_the_unpark_per_issue)
2026-09-09T01:37:59.9129322Z End-to-end through `main() --apply`: the decision is read from each ... ok
2026-09-09T01:37:59.9130592Z test_the_empty_add_guard_holds_in_both_modes (__main__.TestUnparkDiscipline.test_the_empty_add_guard_holds_in_both_modes)
2026-09-09T01:37:59.9131399Z A bare unpark is refused with `unpark=True`; with `unpark=False` there is ... ok
2026-09-09T01:37:59.9142774Z test_a_dry_run_shows_the_deferral_the_next_apply_tick_will_make (__main__.TestWriteBudget.test_a_dry_run_shows_the_deferral_the_next_apply_tick_will_make) ... ok
2026-09-09T01:37:59.9152720Z test_the_budget_bounds_the_writes_a_single_run_can_spend (__main__.TestWriteBudget.test_the_budget_bounds_the_writes_a_single_run_can_spend) ... ok
2026-09-09T01:37:59.9153933Z test_the_defaults_stay_under_the_documented_secondary_limits (__main__.TestWriteBudget.test_the_defaults_stay_under_the_documented_secondary_limits)
2026-09-09T01:37:59.9154862Z The two constants are only defensible as arithmetic on the published limits, ... ok
2026-09-09T01:37:59.9155767Z test_the_deferred_tail_is_reported_not_silently_dropped (__main__.TestWriteBudget.test_the_deferred_tail_is_reported_not_silently_dropped)
2026-09-09T01:37:59.9164270Z The headline property. A cap the report does not name is indistinguishable ... ok
2026-09-09T01:37:59.9165210Z test_the_deferred_tail_is_written_by_the_next_tick (__main__.TestWriteBudget.test_the_deferred_tail_is_written_by_the_next_tick)
2026-09-09T01:37:59.9181939Z CONVERGENCE. The budget defers, it does not drop. Simulate the next tick: ... ok
2026-09-09T01:37:59.9194804Z test_there_is_no_unlimited_write_mode (__main__.TestWriteBudget.test_there_is_no_unlimited_write_mode) ... ok
2026-09-09T01:37:59.9195909Z test_ticks_per_hour_matches_the_cron_that_actually_drives_the_lane (__main__.TestWriteBudget.test_ticks_per_hour_matches_the_cron_that_actually_drives_the_lane)
2026-09-09T01:37:59.9197750Z The budget is the hourly allowance divided across the ticks in an hour, so ... ok
2026-09-09T01:37:59.9214021Z test_writes_are_paced_between_each_other_and_not_before_the_first (__main__.TestWriteBudget.test_writes_are_paced_between_each_other_and_not_before_the_first) ... ok
2026-09-09T01:37:59.9214729Z 
2026-09-09T01:37:59.9214942Z ----------------------------------------------------------------------
2026-09-09T01:37:59.9215343Z Ran 37 tests in 0.128s
2026-09-09T01:37:59.9215518Z 
2026-09-09T01:37:59.9215616Z OK
2026-09-09T01:37:59.9354098Z ##[group]Run set -euo pipefail
2026-09-09T01:37:59.9354512Z [36;1mset -euo pipefail[0m
2026-09-09T01:37:59.9355031Z [36;1mpython3 scripts/triage-area.py --apply | tee "$RUNNER_TEMP/triage-area.log"[0m
2026-09-09T01:37:59.9392997Z shell: /usr/bin/bash -e {0}
2026-09-09T01:37:59.9393318Z env:
2026-09-09T01:37:59.9396036Z   GH_TOKEN: ***
2026-09-09T01:37:59.9396325Z   SPARQ_REPO: sparq-org/sparq
2026-09-09T01:37:59.9396643Z ##[endgroup]
2026-09-09T01:38:20.3155166Z ERROR: rule table produced labels that do not exist: ['area:sparq-wrapper-gen']
2026-09-09T01:38:20.3157194Z Fix the rule table — do NOT create the label.
2026-09-09T01:38:20.3305305Z ##[error]Process completed with exit code 2.
2026-09-09T01:38:20.3450820Z Post job cleanup.
2026-09-09T01:38:20.4322693Z [command]/usr/bin/git version
2026-09-09T01:38:20.4373091Z git version 2.55.0
2026-09-09T01:38:20.4428084Z Temporarily overriding HOME='/home/runner/work/_temp/ca1248ff-5342-40db-8157-c8eb3065b540' before making global git config changes
2026-09-09T01:38:20.4429423Z Adding repository directory to the temporary git global config as a safe directory
2026-09-09T01:38:20.4434862Z [command]/usr/bin/git config --global --add safe.directory /home/runner/work/sparq/sparq
2026-09-09T01:38:20.4472475Z Removing SSH command configuration
2026-09-09T01:38:20.4480373Z [command]/usr/bin/git config --local --name-only --get-regexp core\.sshCommand
2026-09-09T01:38:20.4518951Z [command]/usr/bin/git submodule foreach --recursive sh -c "git config --local --name-only --get-regexp 'core\.sshCommand' && git config --local --unset-all 'core.sshCommand' || :"
2026-09-09T01:38:20.4788583Z Removing HTTP extra header
2026-09-09T01:38:20.4795117Z [command]/usr/bin/git config --local --name-only --get-regexp http\.https\:\/\/github\.com\/\.extraheader
2026-09-09T01:38:20.4842695Z [command]/usr/bin/git submodule foreach --recursive sh -c "git config --local --name-only --get-regexp 'http\.https\:\/\/github\.com\/\.extraheader' && git config --local --unset-all 'http.https://github.com/.extraheader' || :"
2026-09-09T01:38:20.5112567Z Removing includeIf entries pointing to credentials config files
2026-09-09T01:38:20.5121501Z [command]/usr/bin/git config --local --name-only --get-regexp ^includeIf\.gitdir:
2026-09-09T01:38:20.5164605Z [command]/usr/bin/git submodule foreach --recursive git config --local --show-origin --name-only --get-regexp remote.origin.url
2026-09-09T01:38:20.5582177Z Cleaning up orphan processes
