2026-09-09T00:21:10.2720796Z Current runner version: '2.337.0'
2026-09-09T00:21:10.2747892Z ##[group]Runner Image Provisioner
2026-09-09T00:21:10.2749088Z Hosted Compute Agent
2026-09-09T00:21:10.2749693Z Version: 20260828.587
2026-09-09T00:21:10.2750365Z Commit: abac92662cab4cc7352de4f9f9d2e2419aad9c29
2026-09-09T00:21:10.2751190Z Build Date: 2026-08-28T16:44:25Z
2026-09-09T00:21:10.2751873Z Worker ID: {4e22f6c5-acd0-4bcb-b587-236ce54d0a8d}
2026-09-09T00:21:10.2752656Z Azure Region: eastus
2026-09-09T00:21:10.2753203Z ##[endgroup]
2026-09-09T00:21:10.2754991Z ##[group]Operating System
2026-09-09T00:21:10.2755669Z Ubuntu
2026-09-09T00:21:10.2756206Z 24.04.5
2026-09-09T00:21:10.2756768Z LTS
2026-09-09T00:21:10.2757279Z ##[endgroup]
2026-09-09T00:21:10.2757810Z ##[group]Runner Image
2026-09-09T00:21:10.2758533Z Image: ubuntu-24.04
2026-09-09T00:21:10.2759090Z Version: 20260907.300.1
2026-09-09T00:21:10.2760443Z Included Software: https://github.com/actions/runner-images/blob/ubuntu24/20260907.300/images/ubuntu/Ubuntu2404-Readme.md
2026-09-09T00:21:10.2762025Z Image Release: https://github.com/actions/runner-images/releases/tag/ubuntu24%2F20260907.300
2026-09-09T00:21:10.2763065Z ##[endgroup]
2026-09-09T00:21:10.2764327Z ##[group]GITHUB_TOKEN Permissions
2026-09-09T00:21:10.2767260Z Actions: read
2026-09-09T00:21:10.2768298Z Contents: read
2026-09-09T00:21:10.2768939Z Issues: write
2026-09-09T00:21:10.2769482Z Metadata: read
2026-09-09T00:21:10.2770074Z ##[endgroup]
2026-09-09T00:21:10.2772291Z Secret source: Actions
2026-09-09T00:21:10.2773740Z Prepare workflow directory
2026-09-09T00:21:10.3119047Z Prepare all required actions
2026-09-09T00:21:10.3168648Z Getting action download info
2026-09-09T00:21:10.5361866Z Download action repository 'actions/checkout@9c091bb21b7c1c1d1991bb908d89e4e9dddfe3e0' (SHA:9c091bb21b7c1c1d1991bb908d89e4e9dddfe3e0)
2026-09-09T00:21:10.7616045Z Complete job name: CI execution-latency alarm
2026-09-09T00:21:10.8504563Z ##[group]Run actions/checkout@9c091bb21b7c1c1d1991bb908d89e4e9dddfe3e0
2026-09-09T00:21:10.8505916Z with:
2026-09-09T00:21:10.8506370Z   persist-credentials: false
2026-09-09T00:21:10.8507090Z   sparse-checkout: scripts/ci_execution_latency_alarm.py
.github/workflows

2026-09-09T00:21:10.8507929Z   sparse-checkout-cone-mode: false
2026-09-09T00:21:10.8508487Z   repository: sparq-org/sparq
2026-09-09T00:21:10.8512091Z   token: ***
2026-09-09T00:21:10.8512528Z   ssh-strict: true
2026-09-09T00:21:10.8512965Z   ssh-user: git
2026-09-09T00:21:10.8513381Z   clean: true
2026-09-09T00:21:10.8513800Z   fetch-depth: 1
2026-09-09T00:21:10.8514307Z   fetch-tags: false
2026-09-09T00:21:10.8514941Z   show-progress: true
2026-09-09T00:21:10.8515494Z   lfs: false
2026-09-09T00:21:10.8515912Z   submodules: false
2026-09-09T00:21:10.8516357Z   set-safe-directory: true
2026-09-09T00:21:10.8516942Z   allow-unsafe-pr-checkout: false
2026-09-09T00:21:10.8517754Z ##[endgroup]
2026-09-09T00:21:10.9571371Z Syncing repository: sparq-org/sparq
2026-09-09T00:21:10.9574090Z ##[group]Getting Git version info
2026-09-09T00:21:10.9575560Z Working directory is '/home/runner/work/sparq/sparq'
2026-09-09T00:21:10.9577221Z [command]/usr/bin/git version
2026-09-09T00:21:10.9638429Z git version 2.55.0
2026-09-09T00:21:10.9662487Z ##[endgroup]
2026-09-09T00:21:10.9675100Z Temporarily overriding HOME='/home/runner/work/_temp/cb170495-17df-4974-8c6c-359174741c14' before making global git config changes
2026-09-09T00:21:10.9677527Z Adding repository directory to the temporary git global config as a safe directory
2026-09-09T00:21:10.9682131Z [command]/usr/bin/git config --global --add safe.directory /home/runner/work/sparq/sparq
2026-09-09T00:21:10.9735807Z Deleting the contents of '/home/runner/work/sparq/sparq'
2026-09-09T00:21:10.9740119Z ##[group]Determining repository object format
2026-09-09T00:21:10.9741770Z ##[endgroup]
2026-09-09T00:21:10.9743289Z ##[group]Initializing the repository
2026-09-09T00:21:10.9747074Z [command]/usr/bin/git init /home/runner/work/sparq/sparq
2026-09-09T00:21:10.9899863Z hint: Using 'master' as the name for the initial branch. This default branch name
2026-09-09T00:21:10.9902201Z hint: will change to "main" in Git 3.0. To configure the initial branch name
2026-09-09T00:21:10.9903791Z hint: to use in all of your new repositories, which will suppress this warning,
2026-09-09T00:21:10.9905312Z hint: call:
2026-09-09T00:21:10.9905950Z hint:
2026-09-09T00:21:10.9906757Z hint: 	git config --global init.defaultBranch <name>
2026-09-09T00:21:10.9907839Z hint:
2026-09-09T00:21:10.9908846Z hint: Names commonly chosen instead of 'master' are 'main', 'trunk' and
2026-09-09T00:21:10.9910372Z hint: 'development'. The just-created branch can be renamed via this command:
2026-09-09T00:21:10.9911572Z hint:
2026-09-09T00:21:10.9912223Z hint: 	git branch -m <name>
2026-09-09T00:21:10.9913081Z hint:
2026-09-09T00:21:10.9914194Z hint: Disable this message with "git config set advice.defaultBranchName false"
2026-09-09T00:21:10.9916187Z Initialized empty Git repository in /home/runner/work/sparq/sparq/.git/
2026-09-09T00:21:10.9918962Z [command]/usr/bin/git remote add origin https://github.com/sparq-org/sparq
2026-09-09T00:21:10.9967768Z ##[endgroup]
2026-09-09T00:21:10.9969025Z ##[group]Disabling automatic garbage collection
2026-09-09T00:21:10.9970862Z [command]/usr/bin/git config --local gc.auto 0
2026-09-09T00:21:11.0005724Z ##[endgroup]
2026-09-09T00:21:11.0006918Z ##[group]Setting up auth
2026-09-09T00:21:11.0007669Z Removing SSH command configuration
2026-09-09T00:21:11.0014047Z [command]/usr/bin/git config --local --name-only --get-regexp core\.sshCommand
2026-09-09T00:21:11.0059193Z [command]/usr/bin/git submodule foreach --recursive sh -c "git config --local --name-only --get-regexp 'core\.sshCommand' && git config --local --unset-all 'core.sshCommand' || :"
2026-09-09T00:21:11.0455875Z Removing HTTP extra header
2026-09-09T00:21:11.0462247Z [command]/usr/bin/git config --local --name-only --get-regexp http\.https\:\/\/github\.com\/\.extraheader
2026-09-09T00:21:11.0515155Z [command]/usr/bin/git submodule foreach --recursive sh -c "git config --local --name-only --get-regexp 'http\.https\:\/\/github\.com\/\.extraheader' && git config --local --unset-all 'http.https://github.com/.extraheader' || :"
2026-09-09T00:21:11.0744033Z Removing includeIf entries pointing to credentials config files
2026-09-09T00:21:11.0749682Z [command]/usr/bin/git config --local --name-only --get-regexp ^includeIf\.gitdir:
2026-09-09T00:21:11.0787472Z [command]/usr/bin/git submodule foreach --recursive git config --local --show-origin --name-only --get-regexp remote.origin.url
2026-09-09T00:21:11.1031233Z [command]/usr/bin/git config --file /home/runner/work/_temp/git-credentials-8bfabf9e-8661-4940-a9d9-39b23e59fbd7.config http.https://github.com/.extraheader AUTHORIZATION: basic ***
2026-09-09T00:21:11.1073215Z [command]/usr/bin/git config --local includeIf.gitdir:/home/runner/work/sparq/sparq/.git.path /home/runner/work/_temp/git-credentials-8bfabf9e-8661-4940-a9d9-39b23e59fbd7.config
2026-09-09T00:21:11.1107807Z [command]/usr/bin/git config --local includeIf.gitdir:/home/runner/work/sparq/sparq/.git/worktrees/*.path /home/runner/work/_temp/git-credentials-8bfabf9e-8661-4940-a9d9-39b23e59fbd7.config
2026-09-09T00:21:11.1146591Z [command]/usr/bin/git config --local includeIf.gitdir:/github/workspace/.git.path /github/runner_temp/git-credentials-8bfabf9e-8661-4940-a9d9-39b23e59fbd7.config
2026-09-09T00:21:11.1180838Z [command]/usr/bin/git config --local includeIf.gitdir:/github/workspace/.git/worktrees/*.path /github/runner_temp/git-credentials-8bfabf9e-8661-4940-a9d9-39b23e59fbd7.config
2026-09-09T00:21:11.1287111Z ##[endgroup]
2026-09-09T00:21:11.1287993Z ##[group]Fetching the repository
2026-09-09T00:21:11.1289590Z [command]/usr/bin/git -c protocol.version=2 fetch --no-tags --prune --no-recurse-submodules --filter=blob:none --depth=1 origin +a42a9e89dec485f6a319c47cb3635c59cb5a2270:refs/remotes/origin/main
2026-09-09T00:21:11.4496690Z From https://github.com/sparq-org/sparq
2026-09-09T00:21:11.4498905Z  * [new ref]         a42a9e89dec485f6a319c47cb3635c59cb5a2270 -> origin/main
2026-09-09T00:21:11.4507065Z [command]/usr/bin/git branch --list --remote origin/main
2026-09-09T00:21:11.4539206Z   origin/main
2026-09-09T00:21:11.4548339Z [command]/usr/bin/git rev-parse refs/remotes/origin/main
2026-09-09T00:21:11.4577111Z a42a9e89dec485f6a319c47cb3635c59cb5a2270
2026-09-09T00:21:11.4584928Z ##[endgroup]
2026-09-09T00:21:11.4587224Z ##[group]Determining the checkout info
2026-09-09T00:21:11.4589732Z ##[endgroup]
2026-09-09T00:21:11.4591391Z ##[group]Setting up sparse checkout
2026-09-09T00:21:11.4592893Z [command]/usr/bin/git config core.sparseCheckout true
2026-09-09T00:21:11.4635048Z [command]/usr/bin/git rev-parse --git-path info/sparse-checkout
2026-09-09T00:21:11.4663998Z .git/info/sparse-checkout
2026-09-09T00:21:11.4675724Z ##[endgroup]
2026-09-09T00:21:11.4681117Z ##[group]Checking out the ref
2026-09-09T00:21:11.4683208Z [command]/usr/bin/git checkout --progress --force -B main refs/remotes/origin/main
2026-09-09T00:21:11.8797877Z Switched to a new branch 'main'
2026-09-09T00:21:11.8802908Z branch 'main' set up to track 'origin/main'.
2026-09-09T00:21:11.8812931Z ##[endgroup]
2026-09-09T00:21:11.8862758Z [command]/usr/bin/git log -1 --format=%H
2026-09-09T00:21:11.8893622Z a42a9e89dec485f6a319c47cb3635c59cb5a2270
2026-09-09T00:21:11.8903330Z ##[group]Removing auth
2026-09-09T00:21:11.8903857Z Removing SSH command configuration
2026-09-09T00:21:11.8907261Z [command]/usr/bin/git config --local --name-only --get-regexp core\.sshCommand
2026-09-09T00:21:11.8949168Z [command]/usr/bin/git submodule foreach --recursive sh -c "git config --local --name-only --get-regexp 'core\.sshCommand' && git config --local --unset-all 'core.sshCommand' || :"
2026-09-09T00:21:11.9187838Z Removing HTTP extra header
2026-09-09T00:21:11.9191936Z [command]/usr/bin/git config --local --name-only --get-regexp http\.https\:\/\/github\.com\/\.extraheader
2026-09-09T00:21:11.9229587Z [command]/usr/bin/git submodule foreach --recursive sh -c "git config --local --name-only --get-regexp 'http\.https\:\/\/github\.com\/\.extraheader' && git config --local --unset-all 'http.https://github.com/.extraheader' || :"
2026-09-09T00:21:11.9466774Z Removing includeIf entries pointing to credentials config files
2026-09-09T00:21:11.9469850Z [command]/usr/bin/git config --local --name-only --get-regexp ^includeIf\.gitdir:
2026-09-09T00:21:11.9502297Z includeif.gitdir:/home/runner/work/sparq/sparq/.git.path
2026-09-09T00:21:11.9503773Z includeif.gitdir:/home/runner/work/sparq/sparq/.git/worktrees/*.path
2026-09-09T00:21:11.9505254Z includeif.gitdir:/github/workspace/.git.path
2026-09-09T00:21:11.9506241Z includeif.gitdir:/github/workspace/.git/worktrees/*.path
2026-09-09T00:21:11.9512885Z [command]/usr/bin/git config --local --get-all includeif.gitdir:/home/runner/work/sparq/sparq/.git.path
2026-09-09T00:21:11.9539918Z /home/runner/work/_temp/git-credentials-8bfabf9e-8661-4940-a9d9-39b23e59fbd7.config
2026-09-09T00:21:11.9549705Z [command]/usr/bin/git config --local --unset includeif.gitdir:/home/runner/work/sparq/sparq/.git.path /home/runner/work/_temp/git-credentials-8bfabf9e-8661-4940-a9d9-39b23e59fbd7.config
2026-09-09T00:21:11.9591983Z [command]/usr/bin/git config --local --get-all includeif.gitdir:/home/runner/work/sparq/sparq/.git/worktrees/*.path
2026-09-09T00:21:11.9618972Z /home/runner/work/_temp/git-credentials-8bfabf9e-8661-4940-a9d9-39b23e59fbd7.config
2026-09-09T00:21:11.9628368Z [command]/usr/bin/git config --local --unset includeif.gitdir:/home/runner/work/sparq/sparq/.git/worktrees/*.path /home/runner/work/_temp/git-credentials-8bfabf9e-8661-4940-a9d9-39b23e59fbd7.config
2026-09-09T00:21:11.9666218Z [command]/usr/bin/git config --local --get-all includeif.gitdir:/github/workspace/.git.path
2026-09-09T00:21:11.9695822Z /github/runner_temp/git-credentials-8bfabf9e-8661-4940-a9d9-39b23e59fbd7.config
2026-09-09T00:21:11.9723769Z [command]/usr/bin/git config --local --unset includeif.gitdir:/github/workspace/.git.path /github/runner_temp/git-credentials-8bfabf9e-8661-4940-a9d9-39b23e59fbd7.config
2026-09-09T00:21:11.9774236Z [command]/usr/bin/git config --local --get-all includeif.gitdir:/github/workspace/.git/worktrees/*.path
2026-09-09T00:21:11.9801630Z /github/runner_temp/git-credentials-8bfabf9e-8661-4940-a9d9-39b23e59fbd7.config
2026-09-09T00:21:11.9816257Z [command]/usr/bin/git config --local --unset includeif.gitdir:/github/workspace/.git/worktrees/*.path /github/runner_temp/git-credentials-8bfabf9e-8661-4940-a9d9-39b23e59fbd7.config
2026-09-09T00:21:11.9848996Z [command]/usr/bin/git submodule foreach --recursive git config --local --show-origin --name-only --get-regexp remote.origin.url
2026-09-09T00:21:12.0083929Z Removing credentials config '/home/runner/work/_temp/git-credentials-8bfabf9e-8661-4940-a9d9-39b23e59fbd7.config'
2026-09-09T00:21:12.0093796Z ##[endgroup]
2026-09-09T00:21:12.0297462Z ##[group]Run python3 scripts/ci_execution_latency_alarm.py --self-test
2026-09-09T00:21:12.0298281Z [36;1mpython3 scripts/ci_execution_latency_alarm.py --self-test[0m
2026-09-09T00:21:12.0339883Z shell: /usr/bin/bash -e {0}
2026-09-09T00:21:12.0340359Z ##[endgroup]
2026-09-09T00:21:12.1478189Z ##[error]ci execution-latency alarm infrastructure failure: no usable repo slug: 'not-a-slug'
2026-09-09T00:21:12.1487206Z ci_execution_latency_alarm self-test: all checks passed
2026-09-09T00:21:12.1598206Z ##[group]Run python3 scripts/ci_execution_latency_alarm.py
2026-09-09T00:21:12.1598860Z [36;1mpython3 scripts/ci_execution_latency_alarm.py[0m
2026-09-09T00:21:12.1638188Z shell: /usr/bin/bash -e {0}
2026-09-09T00:21:12.1638617Z env:
2026-09-09T00:21:12.1641342Z   GH_TOKEN: ***
2026-09-09T00:21:12.1641744Z   GITHUB_REPOSITORY: sparq-org/sparq
2026-09-09T00:21:12.1642169Z ##[endgroup]
2026-09-09T00:21:43.1678171Z ci-latency census for sparq-org/sparq at 2026-09-09T00:21:12Z (78 workflows, 1 live runs):
2026-09-09T00:21:43.1679089Z   M1-cron-firing-deficit:
2026-09-09T00:21:43.1679699Z     cron-only (watched by #4368): 21
2026-09-09T00:21:43.1680217Z     delivering: 7
2026-09-09T00:21:43.1680597Z     disabled: 1
2026-09-09T00:21:43.1681083Z     expectation-below-floor: 2
2026-09-09T00:21:43.1681550Z     firing-deficit: 3
2026-09-09T00:21:43.1681927Z     not-scheduled: 44
2026-09-09T00:21:43.1682331Z   M3-execution-overrun:
2026-09-09T00:21:43.1682812Z     in-progress-within-threshold: 1
2026-09-09T00:21:43.1683423Z   BREACH M1-cron-firing-deficit .github/workflows/auto-arm.yml
2026-09-09T00:21:43.1684202Z   BREACH M1-cron-firing-deficit .github/workflows/batch-merge.yml
2026-09-09T00:21:43.1685281Z   BREACH M1-cron-firing-deficit .github/workflows/verdict-bridge.yml
2026-09-09T00:21:43.1690500Z ##[notice]updated existing ci-latency-alarm issue #5153
2026-09-09T00:21:43.1694487Z ##[error]3 CI execution-latency breach(es) in sparq-org/sparq — runner pickup, cron delivery, or execution time is outside its measured band
2026-09-09T00:21:43.1770353Z ##[error]Process completed with exit code 1.
2026-09-09T00:21:43.1972134Z Post job cleanup.
2026-09-09T00:21:43.2877256Z [command]/usr/bin/git version
2026-09-09T00:21:43.2917202Z git version 2.55.0
2026-09-09T00:21:43.2964175Z Temporarily overriding HOME='/home/runner/work/_temp/4ebd0336-a40f-4d97-841d-e567144bbc52' before making global git config changes
2026-09-09T00:21:43.2965768Z Adding repository directory to the temporary git global config as a safe directory
2026-09-09T00:21:43.2977357Z [command]/usr/bin/git config --global --add safe.directory /home/runner/work/sparq/sparq
2026-09-09T00:21:43.3012513Z Removing SSH command configuration
2026-09-09T00:21:43.3019447Z [command]/usr/bin/git config --local --name-only --get-regexp core\.sshCommand
2026-09-09T00:21:43.3060040Z [command]/usr/bin/git submodule foreach --recursive sh -c "git config --local --name-only --get-regexp 'core\.sshCommand' && git config --local --unset-all 'core.sshCommand' || :"
2026-09-09T00:21:43.3337743Z Removing HTTP extra header
2026-09-09T00:21:43.3338822Z [command]/usr/bin/git config --local --name-only --get-regexp http\.https\:\/\/github\.com\/\.extraheader
2026-09-09T00:21:43.3382200Z [command]/usr/bin/git submodule foreach --recursive sh -c "git config --local --name-only --get-regexp 'http\.https\:\/\/github\.com\/\.extraheader' && git config --local --unset-all 'http.https://github.com/.extraheader' || :"
2026-09-09T00:21:43.3654051Z Removing includeIf entries pointing to credentials config files
2026-09-09T00:21:43.3663504Z [command]/usr/bin/git config --local --name-only --get-regexp ^includeIf\.gitdir:
2026-09-09T00:21:43.3702928Z [command]/usr/bin/git submodule foreach --recursive git config --local --show-origin --name-only --get-regexp remote.origin.url
2026-09-09T00:21:43.4107205Z Cleaning up orphan processes
